2026-03-06 08:33:31.358: [INFO] VisibilityChanged: 0
2026-03-06 08:33:31.391: [INFO] RecordSyncInitDuration has_sync_been_enabled: 0 state: 0
2026-03-06 08:33:31.392: [INFO] RecordSyncInitDuration has_sync_been_enabled: 0 state: 0
2026-03-06 08:33:31.393: [INFO] RecordSyncInitDuration has_sync_been_enabled: 0 state: 0
2026-03-06 08:33:31.395: [INFO] RecordSyncInitDuration has_sync_been_enabled: 0 state: 0
2026-03-06 08:33:31.396: [INFO] RecordSyncInitDuration has_sync_been_enabled: 0 state: 0
2026-03-06 08:33:31.397: [INFO] RecordSyncInitDuration has_sync_been_enabled: 0 state: 0
2026-03-06 08:33:31.398: [INFO] RecordSyncInitDuration has_sync_been_enabled: 0 state: 0
2026-03-06 08:33:31.399: [INFO] RecordSyncInitDuration has_sync_been_enabled: 0 state: 0
2026-03-06 08:33:31.400: [INFO] RecordSyncInitDuration has_sync_been_enabled: 0 state: 0
2026-03-06 08:33:31.402: [INFO] RecordSyncInitDuration has_sync_been_enabled: 0 state: 0
2026-03-06 08:33:31.403: [INFO] RecordSyncInitDuration has_sync_been_enabled: 0 state: 0
2026-03-06 08:33:31.404: [INFO] RecordSyncInitDuration has_sync_been_enabled: 0 state: 0
2026-03-06 08:33:31.416: [INFO] BookmarkNodeAdded, ABU: 0
2026-03-06 08:33:31.417: [INFO] BookmarkNodeAdded, ABU: 0
2026-03-06 08:33:31.418: [INFO] BookmarkNodeAdded, ABU: 0
2026-03-06 08:33:31.418: [INFO] BookmarkModelLoaded, ids_reassigned: 0
2026-03-06 08:33:31.418: [INFO] OnDoneLoading sync enabled: 0
2026-03-06 08:33:31.421: [INFO] RecordSyncInitDuration has_sync_been_enabled: 0 state: 0
2026-03-06 08:33:32.507: [INFO] RecordSyncInitDuration has_sync_been_enabled: 0 state: 3
2026-03-06 08:33:32.508: [INFO] Primary account changed.
2026-03-06 08:33:32.508: [INFO] OnPrimaryAccountChanged PrimaryAccountChangeEvent::Type::kSet
2026-03-06 08:33:32.514: [INFO] RecordSyncInitDuration has_sync_been_enabled: 0 state: 3
2026-03-06 08:33:32.528: [INFO] RecordSyncInitDuration has_sync_been_enabled: 0 state: 3
2026-03-06 08:33:33.747: [INFO] BookmarkNodeAdded, ABU: 0
2026-03-06 08:33:33.747: [INFO] BookmarkNodeAdded, ABU: 0
2026-03-06 08:33:36.804: [INFO] VisibilityChanged: 1
2026-03-06 08:33:37.242: [INFO] BookmarkNodeAdded, ABU: 0
2026-03-06 08:33:37.243: [INFO] BookmarkNodeAdded, ABU: 0
2026-03-06 08:33:37.244: [INFO] BookmarkNodeAdded, ABU: 0
2026-03-06 08:33:37.245: [INFO] BookmarkNodeAdded, ABU: 0
2026-03-06 08:33:37.245: [INFO] BookmarkNodeAdded, ABU: 0
2026-03-06 08:33:37.245: [INFO] BookmarkNodeAdded, ABU: 0
2026-03-06 08:33:37.246: [INFO] BookmarkNodeAdded, ABU: 0
2026-03-06 08:33:37.246: [INFO] BookmarkNodeAdded, ABU: 0
2026-03-06 08:33:37.247: [INFO] BookmarkNodeAdded, ABU: 0
2026-03-06 08:33:37.247: [INFO] BookmarkNodeAdded, ABU: 0
2026-03-06 08:33:37.247: [INFO] BookmarkNodeAdded, ABU: 0
2026-03-06 08:33:37.248: [INFO] BookmarkNodeAdded, ABU: 0
2026-03-06 08:33:37.249: [INFO] BookmarkNodeAdded, ABU: 0
2026-03-06 08:33:49.584: [INFO] Sync initialization duration: 16943ms
2026-03-06 10:38:05.127: [INFO] VisibilityChanged: 0
2026-03-06 10:40:20.841: [INFO] OnDoneLoading sync enabled: 1
2026-03-06 10:40:27.560: [INFO] Sync initialization duration: 1927ms
2026-03-06 11:28:06.533: [INFO] BookmarkNodeMoved
2026-03-06 11:47:47.616: [INFO] OnDoneLoading sync enabled: 0
2026-03-06 11:47:49.929: [INFO] Primary account changed.
2026-03-06 11:47:49.929: [INFO] OnPrimaryAccountChanged PrimaryAccountChangeEvent::Type::kSet
2026-03-06 11:47:54.652: [INFO] BookmarkNodeMoved
2026-03-06 11:47:54.652: [INFO] BookmarkNodeMoved
2026-03-06 11:47:54.652: [INFO] BookmarkNodeMoved
2026-03-06 11:47:54.652: [INFO] BookmarkNodeMoved
2026-03-06 11:47:54.652: [INFO] BookmarkNodeMoved
2026-03-06 11:47:54.652: [INFO] BookmarkNodeMoved
2026-03-06 11:47:54.652: [INFO] BookmarkNodeMoved
2026-03-06 11:47:54.652: [INFO] BookmarkNodeMoved
2026-03-06 11:47:54.652: [INFO] BookmarkNodeMoved
2026-03-06 11:47:54.652: [INFO] BookmarkNodeMoved
2026-03-06 11:47:54.652: [INFO] BookmarkNodeMoved
2026-03-06 11:47:54.652: [INFO] BookmarkNodeMoved
2026-03-06 11:47:54.652: [INFO] BookmarkNodeMoved
2026-03-06 11:47:54.652: [INFO] BookmarkNodeMoved
2026-03-06 11:48:07.397: [INFO] Sync initialization duration: 19778ms
2026-03-06 12:38:58.915: [INFO] VisibilityChanged: 0
