{"logTime": "0306/092533", "correlationVector":"lrerMgh/o6ZSCszD8oW7d3.3","action":"ProcessGetUpdates", "result":"Done", "context":{"dataType":"History", "deleted":"0", "process_failed_to_decrypt":"0", "process_pending_decryption":"0", "process_success":"10", "total":"10"}}
{"logTime": "0306/092533", "correlationVector":"lrerMgh/o6ZSCszD8oW7d3.4","action":"GetUpdates Response", "result":"Success", "context":Received 19 update(s). cV=lrerMgh/o6ZSCszD8oW7d3.0;server=akswtt111000023;cloudType=Consumer;environment=Prod_southeastasia_prod-s01-065-apac-southeastasia;migrationStage=NotStarted}
{"logTime": "0306/093030", "correlationVector":"4JkxqEg00UDhInyF8kYaLl","action":"Commit Request", "result":"", "context":Item count: 4
Contributing types: Sessions, History}
{"logTime": "0306/093030", "correlationVector":"4JkxqEg00UDhInyF8kYaLl","action":"SyncServerConnectionManagerRequest", "result":"CONNECTION_UNAVAILABLE", "context":{"error_type":"net_error_code", "error_value":"-101"}}
{"logTime": "0306/093030", "correlationVector":"gZOoJS5dEIKce9wlouqp/t.0","action":"Commit Response", "result":"Network error (ERR_CONNECTION_RESET)", "context":Result: Network error (ERR_CONNECTION_RESET). }
{"logTime": "0306/093033", "correlationVector":"0n+sBXgDiYlYJu6HGnwCwJ","action":"Commit Request", "result":"", "context":Item count: 4
Contributing types: Sessions, History}
{"logTime": "0306/093033", "correlationVector":"0n+sBXgDiYlYJu6HGnwCwJ","action":"SyncServerConnectionManagerRequest", "result":"CONNECTION_UNAVAILABLE", "context":{"error_type":"net_error_code", "error_value":"-101"}}
{"logTime": "0306/093033", "correlationVector":"MMuV8QHNaZDazwrMxbmUEl.0","action":"Commit Response", "result":"Network error (ERR_CONNECTION_RESET)", "context":Result: Network error (ERR_CONNECTION_RESET). }
{"logTime": "0306/093037", "correlationVector":"7SkAGIAzU7vmKkYaRcRj5y","action":"Commit Request", "result":"", "context":Item count: 4
Contributing types: Sessions, History}
{"logTime": "0306/093037", "correlationVector":"7SkAGIAzU7vmKkYaRcRj5y","action":"SyncServerConnectionManagerRequest", "result":"CONNECTION_UNAVAILABLE", "context":{"error_type":"net_error_code", "error_value":"-101"}}
{"logTime": "0306/093037", "correlationVector":"iFjslorhmeXH6UoW5RjBZl.0","action":"Commit Response", "result":"Network error (ERR_CONNECTION_RESET)", "context":Result: Network error (ERR_CONNECTION_RESET). }
{"logTime": "0306/093046", "correlationVector":"upWLscMWCNS1QYICpu44o6","action":"Commit Request", "result":"", "context":Item count: 4
Contributing types: Sessions, History}
{"logTime": "0306/093046", "correlationVector":"upWLscMWCNS1QYICpu44o6","action":"SyncServerConnectionManagerRequest", "result":"CONNECTION_UNAVAILABLE", "context":{"error_type":"net_error_code", "error_value":"-101"}}
{"logTime": "0306/093046", "correlationVector":"xxDKUreSOc+uhP+cWPpb0L.0","action":"Commit Response", "result":"Network error (ERR_CONNECTION_RESET)", "context":Result: Network error (ERR_CONNECTION_RESET). }
{"logTime": "0306/093100", "correlationVector":"+PRzgIpb28IVJrSpRxeG0N","action":"Commit Request", "result":"", "context":Item count: 4
Contributing types: Sessions, History}
{"logTime": "0306/093101", "correlationVector":"+PRzgIpb28IVJrSpRxeG0N","action":"SyncServerConnectionManagerRequest", "result":"CONNECTION_UNAVAILABLE", "context":{"error_type":"net_error_code", "error_value":"-101"}}
{"logTime": "0306/093101", "correlationVector":"4X+kjzXfa0+V6qflfSSxhv.0","action":"Commit Response", "result":"Network error (ERR_CONNECTION_RESET)", "context":Result: Network error (ERR_CONNECTION_RESET). }
{"logTime": "0306/093122", "correlationVector":"zmFhRYN/F7CKwg6fU22+Ru","action":"Commit Request", "result":"", "context":Item count: 4
Contributing types: Sessions, History}
{"logTime": "0306/093122", "correlationVector":"zmFhRYN/F7CKwg6fU22+Ru.1","action":"SyncServerConnectionManagerRequest", "result":"SYNC_SERVER_OK", "context":{"environment":"Prod_southeastasia_prod-s01-064-apac-southeastasia", "migrationStage":"NotStarted", "server":"akswtt11100000i"}}
{"logTime": "0306/093122", "correlationVector":"zmFhRYN/F7CKwg6fU22+Ru.2","action":"Commit Response", "result":"Success", "context":Result: Success. cV=zmFhRYN/F7CKwg6fU22+Ru.0;server=akswtt11100000i;cloudType=Consumer;environment=Prod_southeastasia_prod-s01-064-apac-southeastasia;migrationStage=NotStarted}
{"logTime": "0306/094138", "correlationVector":"G2hpxAtLdEQwbxsT9temuT","action":"Commit Request", "result":"", "context":Item count: 3
Contributing types: Sessions, History}
{"logTime": "0306/094138", "correlationVector":"G2hpxAtLdEQwbxsT9temuT","action":"SyncServerConnectionManagerRequest", "result":"CONNECTION_UNAVAILABLE", "context":{"error_type":"net_error_code", "error_value":"-101"}}
{"logTime": "0306/094138", "correlationVector":"pLuzI4mrK5eaF4ZzOMxGZ5.0","action":"Commit Response", "result":"Network error (ERR_CONNECTION_RESET)", "context":Result: Network error (ERR_CONNECTION_RESET). }
{"logTime": "0306/094140", "correlationVector":"4n+sku8Eo+5ddStZ/vH1ee","action":"Commit Request", "result":"", "context":Item count: 3
Contributing types: Sessions, History}
{"logTime": "0306/094140", "correlationVector":"4n+sku8Eo+5ddStZ/vH1ee","action":"SyncServerConnectionManagerRequest", "result":"CONNECTION_UNAVAILABLE", "context":{"error_type":"net_error_code", "error_value":"-101"}}
{"logTime": "0306/094140", "correlationVector":"BXbMuNq2Ul/pKmm+YcGQcD.0","action":"Commit Response", "result":"Network error (ERR_CONNECTION_RESET)", "context":Result: Network error (ERR_CONNECTION_RESET). }
{"logTime": "0306/094142", "correlationVector":"KvLQXUzlpL+9RD9lxYOPos","action":"Commit Request", "result":"", "context":Item count: 3
Contributing types: Sessions, History}
{"logTime": "0306/094142", "correlationVector":"KvLQXUzlpL+9RD9lxYOPos","action":"SyncServerConnectionManagerRequest", "result":"CONNECTION_UNAVAILABLE", "context":{"error_type":"net_error_code", "error_value":"-101"}}
{"logTime": "0306/094142", "correlationVector":"NldmGy6m2h6megbbQAijwh.0","action":"Commit Response", "result":"Network error (ERR_CONNECTION_RESET)", "context":Result: Network error (ERR_CONNECTION_RESET). }
{"logTime": "0306/094146", "correlationVector":"fcAxBK16FGS1/jCQFoYOck","action":"Commit Request", "result":"", "context":Item count: 3
Contributing types: Sessions, History}
{"logTime": "0306/094147", "correlationVector":"fcAxBK16FGS1/jCQFoYOck.1","action":"SyncServerConnectionManagerRequest", "result":"SYNC_SERVER_OK", "context":{"environment":"Prod_southeastasia_prod-s01-065-apac-southeastasia", "migrationStage":"NotStarted", "server":"akswtt11100002m"}}
{"logTime": "0306/094147", "correlationVector":"fcAxBK16FGS1/jCQFoYOck.2","action":"Commit Response", "result":"Success", "context":Result: Success. cV=fcAxBK16FGS1/jCQFoYOck.0;server=akswtt11100002m;cloudType=Consumer;environment=Prod_southeastasia_prod-s01-065-apac-southeastasia;migrationStage=NotStarted}
{"logTime": "0306/094600", "correlationVector":"KR+Ib54SaECLLUMbHgl9vs","action":"Commit Request", "result":"", "context":Item count: 7
Contributing types: Sessions, History}
{"logTime": "0306/094600", "correlationVector":"KR+Ib54SaECLLUMbHgl9vs","action":"SyncServerConnectionManagerRequest", "result":"CONNECTION_UNAVAILABLE", "context":{"error_type":"net_error_code", "error_value":"-101"}}
{"logTime": "0306/094600", "correlationVector":"wBjGwJWfyK+RdSQYK4PZv4.0","action":"Commit Response", "result":"Network error (ERR_CONNECTION_RESET)", "context":Result: Network error (ERR_CONNECTION_RESET). }
{"logTime": "0306/094603", "correlationVector":"bCHLaeZDyHLOAojh1M3VSL","action":"Commit Request", "result":"", "context":Item count: 7
Contributing types: Sessions, History}
{"logTime": "0306/094604", "correlationVector":"bCHLaeZDyHLOAojh1M3VSL.1","action":"SyncServerConnectionManagerRequest", "result":"SYNC_SERVER_OK", "context":{"environment":"Prod_southeastasia_prod-s01-064-apac-southeastasia", "migrationStage":"NotStarted", "server":"akswtt111000003"}}
{"logTime": "0306/094604", "correlationVector":"bCHLaeZDyHLOAojh1M3VSL.2","action":"Commit Response", "result":"Success", "context":Result: Success. cV=bCHLaeZDyHLOAojh1M3VSL.0;server=akswtt111000003;cloudType=Consumer;environment=Prod_southeastasia_prod-s01-064-apac-southeastasia;migrationStage=NotStarted}
{"logTime": "0306/094706", "correlationVector":"4tBGj6vomT/Ol1e+w+2IhY","action":"Normal GetUpdate request", "result":"", "context":cV=4tBGj6vomT/Ol1e+w+2IhY
Notified types: History}
{"logTime": "0306/094707", "correlationVector":"4tBGj6vomT/Ol1e+w+2IhY.1","action":"SyncServerConnectionManagerRequest", "result":"SYNC_SERVER_OK", "context":{"environment":"Prod_southeastasia_prod-s01-064-apac-southeastasia", "migrationStage":"NotStarted", "server":"akswtt111000005"}}
{"logTime": "0306/094707", "correlationVector":"4tBGj6vomT/Ol1e+w+2IhY.2","action":"ProcessGetUpdates", "result":"Done", "context":{"dataType":"Sessions", "deleted":"3", "process_failed_to_decrypt":"0", "process_pending_decryption":"0", "process_success":"8", "total":"8"}}
{"logTime": "0306/094707", "correlationVector":"4tBGj6vomT/Ol1e+w+2IhY.3","action":"ProcessGetUpdates", "result":"Done", "context":{"dataType":"History", "deleted":"0", "process_failed_to_decrypt":"0", "process_pending_decryption":"0", "process_success":"14", "total":"14"}}
{"logTime": "0306/094707", "correlationVector":"4tBGj6vomT/Ol1e+w+2IhY.4","action":"GetUpdates Response", "result":"Success", "context":Received 22 update(s). cV=4tBGj6vomT/Ol1e+w+2IhY.0;server=akswtt111000005;cloudType=Consumer;environment=Prod_southeastasia_prod-s01-064-apac-southeastasia;migrationStage=NotStarted}
{"logTime": "0306/094839", "correlationVector":"Wi6pL/F4p/OlRYl9FV7ZCb","action":"Normal GetUpdate request", "result":"", "context":cV=Wi6pL/F4p/OlRYl9FV7ZCb
Notified types: Bookmarks, History}
{"logTime": "0306/094839", "correlationVector":"Wi6pL/F4p/OlRYl9FV7ZCb.1","action":"SyncServerConnectionManagerRequest", "result":"SYNC_SERVER_OK", "context":{"environment":"Prod_southeastasia_prod-s01-064-apac-southeastasia", "migrationStage":"NotStarted", "server":"akswtt111000003"}}
{"logTime": "0306/094839", "correlationVector":"Wi6pL/F4p/OlRYl9FV7ZCb.2","action":"ProcessGetUpdates", "result":"Done", "context":{"dataType":"Bookmarks", "deleted":"0", "process_failed_to_decrypt":"0", "process_pending_decryption":"0", "process_success":"1", "total":"1"}}
{"logTime": "0306/094839", "correlationVector":"Wi6pL/F4p/OlRYl9FV7ZCb.3","action":"ProcessGetUpdates", "result":"Done", "context":{"dataType":"Sessions", "deleted":"1", "process_failed_to_decrypt":"0", "process_pending_decryption":"0", "process_success":"2", "total":"2"}}
{"logTime": "0306/094839", "correlationVector":"Wi6pL/F4p/OlRYl9FV7ZCb.4","action":"ProcessGetUpdates", "result":"Done", "context":{"dataType":"History", "deleted":"0", "process_failed_to_decrypt":"0", "process_pending_decryption":"0", "process_success":"3", "total":"3"}}
{"logTime": "0306/094839", "correlationVector":"Wi6pL/F4p/OlRYl9FV7ZCb.5","action":"GetUpdates Response", "result":"Success", "context":Received 6 update(s). cV=Wi6pL/F4p/OlRYl9FV7ZCb.0;server=akswtt111000003;cloudType=Consumer;environment=Prod_southeastasia_prod-s01-064-apac-southeastasia;migrationStage=NotStarted}
{"logTime": "0306/094939", "correlationVector":"YY7kMsL/LBm0dofw21QwL8","action":"Normal GetUpdate request", "result":"", "context":cV=YY7kMsL/LBm0dofw21QwL8
Notified types: History}
{"logTime": "0306/094940", "correlationVector":"YY7kMsL/LBm0dofw21QwL8.1","action":"SyncServerConnectionManagerRequest", "result":"SYNC_SERVER_OK", "context":{"environment":"Prod_southeastasia_prod-s01-064-apac-southeastasia", "migrationStage":"NotStarted", "server":"akswtt111000003"}}
{"logTime": "0306/094940", "correlationVector":"YY7kMsL/LBm0dofw21QwL8.2","action":"ProcessGetUpdates", "result":"Done", "context":{"dataType":"Sessions", "deleted":"0", "process_failed_to_decrypt":"0", "process_pending_decryption":"0", "process_success":"1", "total":"1"}}
{"logTime": "0306/094940", "correlationVector":"YY7kMsL/LBm0dofw21QwL8.3","action":"ProcessGetUpdates", "result":"Done", "context":{"dataType":"History", "deleted":"0", "process_failed_to_decrypt":"0", "process_pending_decryption":"0", "process_success":"2", "total":"2"}}
{"logTime": "0306/094940", "correlationVector":"YY7kMsL/LBm0dofw21QwL8.4","action":"GetUpdates Response", "result":"Success", "context":Received 3 update(s). cV=YY7kMsL/LBm0dofw21QwL8.0;server=akswtt111000003;cloudType=Consumer;environment=Prod_southeastasia_prod-s01-064-apac-southeastasia;migrationStage=NotStarted}
{"logTime": "0306/095225", "correlationVector":"C34Sh+RM/D6U6Cq/iuqosH","action":"Commit Request", "result":"", "context":Item count: 1
Contributing types: Sessions}
{"logTime": "0306/095226", "correlationVector":"C34Sh+RM/D6U6Cq/iuqosH","action":"SyncServerConnectionManagerRequest", "result":"CONNECTION_UNAVAILABLE", "context":{"error_type":"net_error_code", "error_value":"-101"}}
{"logTime": "0306/095226", "correlationVector":"bkl9Bf9UVXwpG3piwNndzz.0","action":"Commit Response", "result":"Network error (ERR_CONNECTION_RESET)", "context":Result: Network error (ERR_CONNECTION_RESET). }
{"logTime": "0306/095228", "correlationVector":"uDPM3douZhsXGnDiOxgDGX","action":"Commit Request", "result":"", "context":Item count: 1
Contributing types: Sessions}
{"logTime": "0306/095228", "correlationVector":"uDPM3douZhsXGnDiOxgDGX","action":"SyncServerConnectionManagerRequest", "result":"CONNECTION_UNAVAILABLE", "context":{"error_type":"net_error_code", "error_value":"-101"}}
{"logTime": "0306/095228", "correlationVector":"465s5+ZACFoLzRscsyJG9O.0","action":"Commit Response", "result":"Network error (ERR_CONNECTION_RESET)", "context":Result: Network error (ERR_CONNECTION_RESET). }
{"logTime": "0306/095235", "correlationVector":"iQFqSwrLeoaKaUJzLiztwU","action":"Commit Request", "result":"", "context":Item count: 1
Contributing types: Sessions}
{"logTime": "0306/095235", "correlationVector":"iQFqSwrLeoaKaUJzLiztwU","action":"SyncServerConnectionManagerRequest", "result":"CONNECTION_UNAVAILABLE", "context":{"error_type":"net_error_code", "error_value":"-101"}}
{"logTime": "0306/095235", "correlationVector":"MGwyRY6eJTkIV2fJQEr3vK.0","action":"Commit Response", "result":"Network error (ERR_CONNECTION_RESET)", "context":Result: Network error (ERR_CONNECTION_RESET). }
{"logTime": "0306/095244", "correlationVector":"fJTXHxr5RLvS6N2xfffSQt","action":"Commit Request", "result":"", "context":Item count: 1
Contributing types: Sessions}
{"logTime": "0306/095244", "correlationVector":"fJTXHxr5RLvS6N2xfffSQt","action":"SyncServerConnectionManagerRequest", "result":"CONNECTION_UNAVAILABLE", "context":{"error_type":"net_error_code", "error_value":"-101"}}
{"logTime": "0306/095244", "correlationVector":"XUYloLVZI9LxQaT6N6nbIw.0","action":"Commit Response", "result":"Network error (ERR_CONNECTION_RESET)", "context":Result: Network error (ERR_CONNECTION_RESET). }
{"logTime": "0306/095308", "correlationVector":"SAmK52R1MnXwIfbh4AIxj8","action":"Commit Request", "result":"", "context":Item count: 1
Contributing types: Sessions}
{"logTime": "0306/095308", "correlationVector":"SAmK52R1MnXwIfbh4AIxj8.1","action":"SyncServerConnectionManagerRequest", "result":"SYNC_SERVER_OK", "context":{"environment":"Prod_southeastasia_prod-s01-064-apac-southeastasia", "migrationStage":"NotStarted", "server":"akswtt11100001x"}}
{"logTime": "0306/095308", "correlationVector":"SAmK52R1MnXwIfbh4AIxj8.2","action":"Commit Response", "result":"Success", "context":Result: Success. cV=SAmK52R1MnXwIfbh4AIxj8.0;server=akswtt11100001x;cloudType=Consumer;environment=Prod_southeastasia_prod-s01-064-apac-southeastasia;migrationStage=NotStarted}
{"logTime": "0306/095310", "correlationVector":"nptxdig6xMrVP16HIFGmwK","action":"Normal GetUpdate request", "result":"", "context":cV=nptxdig6xMrVP16HIFGmwK
Notified types: History}
{"logTime": "0306/095311", "correlationVector":"nptxdig6xMrVP16HIFGmwK.1","action":"SyncServerConnectionManagerRequest", "result":"SYNC_SERVER_OK", "context":{"environment":"Prod_southeastasia_prod-s01-064-apac-southeastasia", "migrationStage":"NotStarted", "server":"akswtt11100001j"}}
{"logTime": "0306/095311", "correlationVector":"nptxdig6xMrVP16HIFGmwK.2","action":"ProcessGetUpdates", "result":"Done", "context":{"dataType":"Sessions", "deleted":"0", "process_failed_to_decrypt":"0", "process_pending_decryption":"0", "process_success":"2", "total":"2"}}
{"logTime": "0306/095311", "correlationVector":"nptxdig6xMrVP16HIFGmwK.3","action":"ProcessGetUpdates", "result":"Done", "context":{"dataType":"History", "deleted":"0", "process_failed_to_decrypt":"0", "process_pending_decryption":"0", "process_success":"3", "total":"3"}}
{"logTime": "0306/095311", "correlationVector":"nptxdig6xMrVP16HIFGmwK.4","action":"GetUpdates Response", "result":"Success", "context":Received 5 update(s). cV=nptxdig6xMrVP16HIFGmwK.0;server=akswtt11100001j;cloudType=Consumer;environment=Prod_southeastasia_prod-s01-064-apac-southeastasia;migrationStage=NotStarted}
{"logTime": "0306/095532", "correlationVector":"4W5f2mZ5b1ThR1l1EFa8zf","action":"Commit Request", "result":"", "context":Item count: 3
Contributing types: Sessions, History}
{"logTime": "0306/095532", "correlationVector":"4W5f2mZ5b1ThR1l1EFa8zf.1","action":"SyncServerConnectionManagerRequest", "result":"SYNC_SERVER_OK", "context":{"environment":"Prod_southeastasia_prod-s01-065-apac-southeastasia", "migrationStage":"NotStarted", "server":"akswtt11100002g"}}
{"logTime": "0306/095532", "correlationVector":"4W5f2mZ5b1ThR1l1EFa8zf.2","action":"Commit Response", "result":"Success", "context":Result: Success. cV=4W5f2mZ5b1ThR1l1EFa8zf.0;server=akswtt11100002g;cloudType=Consumer;environment=Prod_southeastasia_prod-s01-065-apac-southeastasia;migrationStage=NotStarted}
{"logTime": "0306/095733", "correlationVector":"i9OEkt3Pq3jd3eL/mc6d5q","action":"Commit Request", "result":"", "context":Item count: 3
Contributing types: Sessions, History}
{"logTime": "0306/095733", "correlationVector":"i9OEkt3Pq3jd3eL/mc6d5q","action":"SyncServerConnectionManagerRequest", "result":"CONNECTION_UNAVAILABLE", "context":{"error_type":"net_error_code", "error_value":"-101"}}
{"logTime": "0306/095733", "correlationVector":"kkYA6pvHJklINEOouznNVT.0","action":"Commit Response", "result":"Network error (ERR_CONNECTION_RESET)", "context":Result: Network error (ERR_CONNECTION_RESET). }
{"logTime": "0306/095735", "correlationVector":"9sDxmHGhyFCZucuslnOxIL","action":"Commit Request", "result":"", "context":Item count: 3
Contributing types: Sessions, History}
{"logTime": "0306/095735", "correlationVector":"9sDxmHGhyFCZucuslnOxIL","action":"SyncServerConnectionManagerRequest", "result":"CONNECTION_UNAVAILABLE", "context":{"error_type":"net_error_code", "error_value":"-101"}}
{"logTime": "0306/095735", "correlationVector":"Mi4+gzfVFYvIbLuSQFVwAS.0","action":"Commit Response", "result":"Network error (ERR_CONNECTION_RESET)", "context":Result: Network error (ERR_CONNECTION_RESET). }
{"logTime": "0306/095739", "correlationVector":"l6OMnGf7BcaynR32trsIro","action":"Commit Request", "result":"", "context":Item count: 3
Contributing types: Sessions, History}
{"logTime": "0306/095739", "correlationVector":"l6OMnGf7BcaynR32trsIro","action":"SyncServerConnectionManagerRequest", "result":"CONNECTION_UNAVAILABLE", "context":{"error_type":"net_error_code", "error_value":"-101"}}
{"logTime": "0306/095739", "correlationVector":"SAmPqDKesjGz5bEcbbh0r/.0","action":"Commit Response", "result":"Network error (ERR_CONNECTION_RESET)", "context":Result: Network error (ERR_CONNECTION_RESET). }
{"logTime": "0306/095745", "correlationVector":"B6wJiXCqRcyOsgCaB3hLHa","action":"Commit Request", "result":"", "context":Item count: 3
Contributing types: Sessions, History}
{"logTime": "0306/095745", "correlationVector":"B6wJiXCqRcyOsgCaB3hLHa.1","action":"SyncServerConnectionManagerRequest", "result":"SYNC_SERVER_OK", "context":{"environment":"Prod_southeastasia_prod-s01-065-apac-southeastasia", "migrationStage":"NotStarted", "server":"akswtt111000023"}}
{"logTime": "0306/095745", "correlationVector":"B6wJiXCqRcyOsgCaB3hLHa.2","action":"Commit Response", "result":"Success", "context":Result: Success. cV=B6wJiXCqRcyOsgCaB3hLHa.0;server=akswtt111000023;cloudType=Consumer;environment=Prod_southeastasia_prod-s01-065-apac-southeastasia;migrationStage=NotStarted}
{"logTime": "0306/100343", "correlationVector":"7Q4SqnY1MuDFkhSTzZEeyd","action":"Commit Request", "result":"", "context":Item count: 1
Contributing types: Sessions}
{"logTime": "0306/100344", "correlationVector":"7Q4SqnY1MuDFkhSTzZEeyd.1","action":"SyncServerConnectionManagerRequest", "result":"SYNC_SERVER_OK", "context":{"environment":"Prod_southeastasia_prod-s01-065-apac-southeastasia", "migrationStage":"NotStarted", "server":"akswtt11100002g"}}
{"logTime": "0306/100344", "correlationVector":"7Q4SqnY1MuDFkhSTzZEeyd.2","action":"Commit Response", "result":"Success", "context":Result: Success. cV=7Q4SqnY1MuDFkhSTzZEeyd.0;server=akswtt11100002g;cloudType=Consumer;environment=Prod_southeastasia_prod-s01-065-apac-southeastasia;migrationStage=NotStarted}
{"logTime": "0306/100459", "correlationVector":"pjRI514KjUpZVIR1E75GwN","action":"Commit Request", "result":"", "context":Item count: 4
Contributing types: Preferences, Sessions, History}
{"logTime": "0306/100500", "correlationVector":"pjRI514KjUpZVIR1E75GwN.1","action":"SyncServerConnectionManagerRequest", "result":"SYNC_SERVER_OK", "context":{"environment":"Prod_southeastasia_prod-s01-065-apac-southeastasia", "migrationStage":"NotStarted", "server":"akswtt11100002m"}}
{"logTime": "0306/100500", "correlationVector":"pjRI514KjUpZVIR1E75GwN.2","action":"Commit Response", "result":"Success", "context":Result: Success. cV=pjRI514KjUpZVIR1E75GwN.0;server=akswtt11100002m;cloudType=Consumer;environment=Prod_southeastasia_prod-s01-065-apac-southeastasia;migrationStage=NotStarted}
{"logTime": "0306/101212", "correlationVector":"hH641nA4Mil7Gm555FZdJt","action":"Commit Request", "result":"", "context":Item count: 3
Contributing types: Sessions, History}
{"logTime": "0306/101213", "correlationVector":"hH641nA4Mil7Gm555FZdJt.1","action":"SyncServerConnectionManagerRequest", "result":"SYNC_SERVER_OK", "context":{"environment":"Prod_southeastasia_prod-s01-065-apac-southeastasia", "migrationStage":"NotStarted", "server":"akswtt111000023"}}
{"logTime": "0306/101213", "correlationVector":"hH641nA4Mil7Gm555FZdJt.2","action":"Commit Response", "result":"Success", "context":Result: Success. cV=hH641nA4Mil7Gm555FZdJt.0;server=akswtt111000023;cloudType=Consumer;environment=Prod_southeastasia_prod-s01-065-apac-southeastasia;migrationStage=NotStarted}
{"logTime": "0306/101350", "correlationVector":"hs5cEiVXy6Ig6qsZDRRM15","action":"Commit Request", "result":"", "context":Item count: 1
Contributing types: Sessions}
{"logTime": "0306/101350", "correlationVector":"hs5cEiVXy6Ig6qsZDRRM15.1","action":"SyncServerConnectionManagerRequest", "result":"SYNC_SERVER_OK", "context":{"environment":"Prod_southeastasia_prod-s01-065-apac-southeastasia", "migrationStage":"NotStarted", "server":"akswtt11100002v"}}
{"logTime": "0306/101350", "correlationVector":"hs5cEiVXy6Ig6qsZDRRM15.2","action":"Commit Response", "result":"Success", "context":Result: Success. cV=hs5cEiVXy6Ig6qsZDRRM15.0;server=akswtt11100002v;cloudType=Consumer;environment=Prod_southeastasia_prod-s01-065-apac-southeastasia;migrationStage=NotStarted}
{"logTime": "0306/101723", "correlationVector":"Wop77bWCIinTIQdfkFCiQb","action":"Commit Request", "result":"", "context":Item count: 5
Contributing types: Sessions, History}
{"logTime": "0306/101723", "correlationVector":"Wop77bWCIinTIQdfkFCiQb","action":"SyncServerConnectionManagerRequest", "result":"CONNECTION_UNAVAILABLE", "context":{"error_type":"net_error_code", "error_value":"-101"}}
{"logTime": "0306/101723", "correlationVector":"D4o2GZskaGRWOa+IJdPrbk.0","action":"Commit Response", "result":"Network error (ERR_CONNECTION_RESET)", "context":Result: Network error (ERR_CONNECTION_RESET). }
{"logTime": "0306/101726", "correlationVector":"knmZjUK4ekAxHwBjS0n6In","action":"Commit Request", "result":"", "context":Item count: 5
Contributing types: Sessions, History}
{"logTime": "0306/101726", "correlationVector":"knmZjUK4ekAxHwBjS0n6In","action":"SyncServerConnectionManagerRequest", "result":"CONNECTION_UNAVAILABLE", "context":{"error_type":"net_error_code", "error_value":"-101"}}
{"logTime": "0306/101726", "correlationVector":"A7APErWu+5x0VUk/Md7Qnh.0","action":"Commit Response", "result":"Network error (ERR_CONNECTION_RESET)", "context":Result: Network error (ERR_CONNECTION_RESET). }
{"logTime": "0306/101732", "correlationVector":"gYuYaLSLuybvJKpHE/2DL0","action":"Commit Request", "result":"", "context":Item count: 5
Contributing types: Sessions, History}
{"logTime": "0306/101732", "correlationVector":"gYuYaLSLuybvJKpHE/2DL0","action":"SyncServerConnectionManagerRequest", "result":"CONNECTION_UNAVAILABLE", "context":{"error_type":"net_error_code", "error_value":"-101"}}
{"logTime": "0306/101733", "correlationVector":"tE9kJ5M9i9xfdZ8T99R7bZ.0","action":"Commit Response", "result":"Network error (ERR_CONNECTION_RESET)", "context":Result: Network error (ERR_CONNECTION_RESET). }
{"logTime": "0306/101742", "correlationVector":"qA3xQ55lKe9j+WVUELBJnQ","action":"Commit Request", "result":"", "context":Item count: 5
Contributing types: Sessions, History}
{"logTime": "0306/101742", "correlationVector":"qA3xQ55lKe9j+WVUELBJnQ","action":"SyncServerConnectionManagerRequest", "result":"CONNECTION_UNAVAILABLE", "context":{"error_type":"net_error_code", "error_value":"-101"}}
{"logTime": "0306/101742", "correlationVector":"f+PG+Q5eKE2M/aLM9VdHYL.0","action":"Commit Response", "result":"Network error (ERR_CONNECTION_RESET)", "context":Result: Network error (ERR_CONNECTION_RESET). }
{"logTime": "0306/101756", "correlationVector":"vNn3cp40oJBN333igDLdlo","action":"Commit Request", "result":"", "context":Item count: 5
Contributing types: Sessions, History}
{"logTime": "0306/101756", "correlationVector":"vNn3cp40oJBN333igDLdlo","action":"SyncServerConnectionManagerRequest", "result":"CONNECTION_UNAVAILABLE", "context":{"error_type":"net_error_code", "error_value":"-101"}}
{"logTime": "0306/101756", "correlationVector":"uwVcaUwcZZtpXjFP6UWMuz.0","action":"Commit Response", "result":"Network error (ERR_CONNECTION_RESET)", "context":Result: Network error (ERR_CONNECTION_RESET). }
{"logTime": "0306/101817", "correlationVector":"zHr6VU8h5JTV+f7bf89rLb","action":"Commit Request", "result":"", "context":Item count: 5
Contributing types: Sessions, History}
{"logTime": "0306/101819", "correlationVector":"zHr6VU8h5JTV+f7bf89rLb.1","action":"SyncServerConnectionManagerRequest", "result":"SYNC_SERVER_OK", "context":{"environment":"Prod_southeastasia_prod-s01-065-apac-southeastasia", "migrationStage":"NotStarted", "server":"akswtt11100000d"}}
{"logTime": "0306/101819", "correlationVector":"zHr6VU8h5JTV+f7bf89rLb.2","action":"Commit Response", "result":"Success", "context":Result: Success. cV=zHr6VU8h5JTV+f7bf89rLb.0;server=akswtt11100000d;cloudType=Consumer;environment=Prod_southeastasia_prod-s01-065-apac-southeastasia;migrationStage=NotStarted}
{"logTime": "0306/102042", "correlationVector":"vxYKDTXVR6CfqQVU7VTQaE","action":"Commit Request", "result":"", "context":Item count: 3
Contributing types: Sessions, History}
{"logTime": "0306/102043", "correlationVector":"vxYKDTXVR6CfqQVU7VTQaE.1","action":"SyncServerConnectionManagerRequest", "result":"SYNC_SERVER_OK", "context":{"environment":"Prod_southeastasia_prod-s01-065-apac-southeastasia", "migrationStage":"NotStarted", "server":"akswtt11100000b"}}
{"logTime": "0306/102043", "correlationVector":"vxYKDTXVR6CfqQVU7VTQaE.2","action":"Commit Response", "result":"Success", "context":Result: Success. cV=vxYKDTXVR6CfqQVU7VTQaE.0;server=akswtt11100000b;cloudType=Consumer;environment=Prod_southeastasia_prod-s01-065-apac-southeastasia;migrationStage=NotStarted}
{"logTime": "0306/102444", "correlationVector":"JqEo5j1uXKUElvti/AmJbh","action":"Commit Request", "result":"", "context":Item count: 1
Contributing types: Sessions}
{"logTime": "0306/102444", "correlationVector":"JqEo5j1uXKUElvti/AmJbh.1","action":"SyncServerConnectionManagerRequest", "result":"SYNC_SERVER_OK", "context":{"environment":"Prod_southeastasia_prod-s01-065-apac-southeastasia", "migrationStage":"NotStarted", "server":"akswtt111000002"}}
{"logTime": "0306/102444", "correlationVector":"JqEo5j1uXKUElvti/AmJbh.2","action":"Commit Response", "result":"Success", "context":Result: Success. cV=JqEo5j1uXKUElvti/AmJbh.0;server=akswtt111000002;cloudType=Consumer;environment=Prod_southeastasia_prod-s01-065-apac-southeastasia;migrationStage=NotStarted}
{"logTime": "0306/102815", "correlationVector":"l9HwYtCoJG3K/dhFIUfUKC","action":"Normal GetUpdate request", "result":"", "context":cV=l9HwYtCoJG3K/dhFIUfUKC
Notified types: History}
{"logTime": "0306/102815", "correlationVector":"l9HwYtCoJG3K/dhFIUfUKC.1","action":"SyncServerConnectionManagerRequest", "result":"SYNC_SERVER_OK", "context":{"environment":"Prod_southeastasia_prod-s01-065-apac-southeastasia", "migrationStage":"NotStarted", "server":"akswtt111000019"}}
{"logTime": "0306/102815", "correlationVector":"l9HwYtCoJG3K/dhFIUfUKC.2","action":"ProcessGetUpdates", "result":"Done", "context":{"dataType":"Preferences", "deleted":"0", "process_failed_to_decrypt":"0", "process_pending_decryption":"0", "process_success":"1", "total":"1"}}
{"logTime": "0306/102815", "correlationVector":"l9HwYtCoJG3K/dhFIUfUKC.3","action":"ProcessGetUpdates", "result":"Done", "context":{"dataType":"Sessions", "deleted":"0", "process_failed_to_decrypt":"0", "process_pending_decryption":"0", "process_success":"6", "total":"6"}}
{"logTime": "0306/102815", "correlationVector":"l9HwYtCoJG3K/dhFIUfUKC.4","action":"ProcessGetUpdates", "result":"Done", "context":{"dataType":"History", "deleted":"0", "process_failed_to_decrypt":"0", "process_pending_decryption":"0", "process_success":"10", "total":"10"}}
{"logTime": "0306/102815", "correlationVector":"l9HwYtCoJG3K/dhFIUfUKC.5","action":"GetUpdates Response", "result":"Success", "context":Received 17 update(s). cV=l9HwYtCoJG3K/dhFIUfUKC.0;server=akswtt111000019;cloudType=Consumer;environment=Prod_southeastasia_prod-s01-065-apac-southeastasia;migrationStage=NotStarted}
{"logTime": "0306/114751", "correlationVector":"uDVRmWbwA36jhoPGXaweNJ.1","action":"SyncServerConnectionManagerRequest", "result":"SYNC_SERVER_OK", "context":{"environment":"Prod_southeastasia_prod-s01-065-apac-southeastasia", "migrationStage":"NotStarted", "server":"akswtt11100001h"}}
{"logTime": "0306/114751", "correlationVector":"uDVRmWbwA36jhoPGXaweNJ.2","action":"ProcessGetUpdates", "result":"Done", "context":{"dataType":"Encryption Keys", "deleted":"0", "process_failed_to_decrypt":"0", "process_pending_decryption":"0", "process_success":"1", "total":"1"}}
{"logTime": "0306/114752", "correlationVector":"Nn/v+Zr/tDJAfFN5CBYgfr","action":"SyncServerConnectionManagerRequest", "result":"SYNC_SERVER_OK", "context":{"environment":"", "migrationStage":"", "server":""}}
{"logTime": "0306/114752", "correlationVector":"Nn/v+Zr/tDJAfFN5CBYgfr.0","action":"EncryptionKeysFetcher.DownloadKeys:", "result":"Success", "context":Key count: 10, Last key timestamp: 2025-11-27T15:34:06Z}
{"logTime": "0306/114752", "correlationVector":"Nn/v+Zr/tDJAfFN5CBYgfr.1","action":"EncryptionKeysManager::SetEncryptionKeys:", "result":"Success", "context":Key names[10]:[R5MtLS2woXr4NpjRxck9wz1r3RGqcaBaPBipGdPmsxCp/yVgzzxs5M0wgJTPiVMQvTy+f7ebBihgeuEZ1zwKxg==][zk1zLpnV+2KXVltMq0Az/AVi4kro0JGtwJ3TvvvUtEgJrvQraBMCcyxTBq0wO5D9e/n4g7dV8RnufB6hz9abAg==][nh/IrIiIeKQvS3YXMRogLdtZ0/vlF+nVPdj+vDjHBtdRbIHHrM/OZlHOyCmYqSrSnJBbFTc90ujk9wUc3c2vFg==][j+EhimyZ+XMLrnTwJp/HJkNwuhkLECNxfsexmewTntytSCT8oXBOBDhwl7mDKT6Fs5NmGAuENjY53DDCMzWRBg==][0NZTkgGAiPZGLWuFAizV9LKfoUm8dEwFphZa3z5xoi1qFI6Rrg7Xsh/q7LvIKq2QrBMWtQUD+BfgpvX3IL5Vkg==][RNnprN7VI/k4IYGHkZ0oTGZWr+cwfMVjS9YAcbBtT04yFuwpYXTnp37GLwPDaBsTZviUDGr+IeFhP3reK85xtw==][OX/OBPd3GqAzAku+0lYWP7mXSzBdQtOLesau8Bc5hN7B8M+lPoEH5b567TdEZNK6GUG2P9usGJ3jfddKIiXf1Q==][h/X3CxL2hhZt37suw1ibnqLtZCP32EOzEsHVVfQqxNyoMzGtbbWt54nDaCr71itmcoMQLepdk3D1BH+luEHrzA==][2jdGEOQVAU3HKQMiQXqN+6Ly0xv/69cJtpnSz2OWj+CwW5a2LFmV9aWz9zLwEZAKR08D4pKKCllcJKOvqTMfQw==][Z+/8gcT+8wwT+RJvrQs9KGt9UbH0DKIY3dJOVWuti17p3IfZXRiKZ9XzyqaIQykGFaw93wHnUwJSTr1rqftr5w==]}
{"logTime": "0306/114752", "correlationVector":"Nn/v+Zr/tDJAfFN5CBYgfr.2","action":"EncryptionKeysManager::SetEncryptionKeysWithTimestamps:", "result":"Success", "context":Key timestamps[10]:[2023-05-25T01:42:30Z][2023-06-09T12:38:53Z][2023-12-07T09:36:10Z][2024-06-04T11:45:17Z][2024-08-09T15:37:09Z][2025-02-06T04:18:28Z][2025-03-23T03:52:42Z][2025-03-26T08:11:02Z][2025-09-22T14:04:15Z][2025-11-27T15:34:06Z]}
{"logTime": "0306/114752", "correlationVector":"uDVRmWbwA36jhoPGXaweNJ","action":"Initial GetUpdates", "result":"", "context":Reason: NEW_CLIENT. cV=uDVRmWbwA36jhoPGXaweNJ}
{"logTime": "0306/114752", "correlationVector":"uDVRmWbwA36jhoPGXaweNJ.3","action":"GetUpdates Response", "result":"Success", "context":Received 1 update(s). cV=uDVRmWbwA36jhoPGXaweNJ.0;server=akswtt11100001h;cloudType=Consumer;environment=Prod_southeastasia_prod-s01-065-apac-southeastasia;migrationStage=NotStarted}
{"logTime": "0306/114752", "correlationVector":"2uVFdfbeOl6c+D5+1DhFim","action":"Initial GetUpdates", "result":"", "context":Reason: NEWLY_SUPPORTED_DATATYPE. cV=2uVFdfbeOl6c+D5+1DhFim}
{"logTime": "0306/114753", "correlationVector":"2uVFdfbeOl6c+D5+1DhFim.1","action":"SyncServerConnectionManagerRequest", "result":"SYNC_SERVER_OK", "context":{"environment":"Prod_southeastasia_prod-s01-065-apac-southeastasia", "migrationStage":"NotStarted", "server":"akswtt111000024"}}
{"logTime": "0306/114753", "correlationVector":"2uVFdfbeOl6c+D5+1DhFim.2","action":"ProcessGetUpdates", "result":"Done", "context":{"dataType":"Preferences", "deleted":"0", "process_failed_to_decrypt":"0", "process_pending_decryption":"0", "process_success":"141", "total":"141"}}
{"logTime": "0306/114753", "correlationVector":"2uVFdfbeOl6c+D5+1DhFim.3","action":"ProcessGetUpdates", "result":"Done", "context":{"dataType":"Passwords", "deleted":"1", "process_failed_to_decrypt":"0", "process_pending_decryption":"0", "process_success":"81", "total":"81"}}
{"logTime": "0306/114753", "correlationVector":"2uVFdfbeOl6c+D5+1DhFim.4","action":"ProcessGetUpdates", "result":"Done", "context":{"dataType":"Device Info", "deleted":"0", "process_failed_to_decrypt":"0", "process_pending_decryption":"0", "process_success":"28", "total":"28"}}
{"logTime": "0306/114753", "correlationVector":"2uVFdfbeOl6c+D5+1DhFim.5","action":"GetUpdates Response", "result":"Success", "context":Received 250 update(s). cV=2uVFdfbeOl6c+D5+1DhFim.0;server=akswtt111000024;cloudType=Consumer;environment=Prod_southeastasia_prod-s01-065-apac-southeastasia;migrationStage=NotStarted Some updates remain.}
{"logTime": "0306/114753", "correlationVector":"t0kcDb246ctqCxAzQgzKv8","action":"Initial GetUpdates", "result":"", "context":Reason: NEWLY_SUPPORTED_DATATYPE. cV=t0kcDb246ctqCxAzQgzKv8}
{"logTime": "0306/114754", "correlationVector":"t0kcDb246ctqCxAzQgzKv8.1","action":"SyncServerConnectionManagerRequest", "result":"SYNC_SERVER_OK", "context":{"environment":"Prod_southeastasia_prod-s01-065-apac-southeastasia", "migrationStage":"NotStarted", "server":"akswtt111000001"}}
{"logTime": "0306/114754", "correlationVector":"t0kcDb246ctqCxAzQgzKv8.2","action":"ProcessGetUpdates", "result":"Done", "context":{"dataType":"Preferences", "deleted":"0", "process_failed_to_decrypt":"0", "process_pending_decryption":"0", "process_success":"5", "total":"5"}}
{"logTime": "0306/114754", "correlationVector":"t0kcDb246ctqCxAzQgzKv8.3","action":"ProcessGetUpdates", "result":"Done", "context":{"dataType":"Passwords", "deleted":"0", "process_failed_to_decrypt":"0", "process_pending_decryption":"0", "process_success":"151", "total":"151"}}
{"logTime": "0306/114754", "correlationVector":"t0kcDb246ctqCxAzQgzKv8.4","action":"ProcessGetUpdates", "result":"Done", "context":{"dataType":"Device Info", "deleted":"0", "process_failed_to_decrypt":"0", "process_pending_decryption":"0", "process_success":"2", "total":"2"}}
{"logTime": "0306/114754", "correlationVector":"t0kcDb246ctqCxAzQgzKv8.5","action":"GetUpdates Response", "result":"Success", "context":Received 158 update(s). cV=t0kcDb246ctqCxAzQgzKv8.0;server=akswtt111000001;cloudType=Consumer;environment=Prod_southeastasia_prod-s01-065-apac-southeastasia;migrationStage=NotStarted}
{"logTime": "0306/114754", "correlationVector":"bTHFBMivyeEJCkfOl5Kdkp","action":"Initial GetUpdates", "result":"", "context":Reason: NEWLY_SUPPORTED_DATATYPE. cV=bTHFBMivyeEJCkfOl5Kdkp}
{"logTime": "0306/114754", "correlationVector":"bTHFBMivyeEJCkfOl5Kdkp.1","action":"SyncServerConnectionManagerRequest", "result":"SYNC_SERVER_OK", "context":{"environment":"Prod_southeastasia_prod-s01-065-apac-southeastasia", "migrationStage":"NotStarted", "server":"akswtt11100002j"}}
{"logTime": "0306/114754", "correlationVector":"bTHFBMivyeEJCkfOl5Kdkp.2","action":"ProcessGetUpdates", "result":"Done", "context":{"dataType":"Bookmarks", "deleted":"13", "process_failed_to_decrypt":"0", "process_pending_decryption":"0", "process_success":"34", "total":"34"}}
{"logTime": "0306/114754", "correlationVector":"bTHFBMivyeEJCkfOl5Kdkp.3","action":"GetUpdates Response", "result":"Success", "context":Received 34 update(s). cV=bTHFBMivyeEJCkfOl5Kdkp.0;server=akswtt11100002j;cloudType=Consumer;environment=Prod_southeastasia_prod-s01-065-apac-southeastasia;migrationStage=NotStarted}
{"logTime": "0306/114754", "correlationVector":"c7lCtBaVdm8BruGSepjiSZ","action":"Initial GetUpdates", "result":"", "context":Reason: NEWLY_SUPPORTED_DATATYPE. cV=c7lCtBaVdm8BruGSepjiSZ}
{"logTime": "0306/114756", "correlationVector":"c7lCtBaVdm8BruGSepjiSZ.1","action":"SyncServerConnectionManagerRequest", "result":"SYNC_SERVER_OK", "context":{"environment":"Prod_southeastasia_prod-s01-065-apac-southeastasia", "migrationStage":"NotStarted", "server":"akswtt11100002k"}}
{"logTime": "0306/114756", "correlationVector":"c7lCtBaVdm8BruGSepjiSZ.2","action":"ProcessGetUpdates", "result":"Done", "context":{"dataType":"Autofill Profiles", "deleted":"0", "process_failed_to_decrypt":"0", "process_pending_decryption":"0", "process_success":"56", "total":"56"}}
{"logTime": "0306/114756", "correlationVector":"c7lCtBaVdm8BruGSepjiSZ.3","action":"ProcessGetUpdates", "result":"Done", "context":{"dataType":"Autofill", "deleted":"0", "process_failed_to_decrypt":"0", "process_pending_decryption":"0", "process_success":"165", "total":"165"}}
{"logTime": "0306/114756", "correlationVector":"c7lCtBaVdm8BruGSepjiSZ.4","action":"ProcessGetUpdates", "result":"Done", "context":{"dataType":"Extensions", "deleted":"0", "process_failed_to_decrypt":"0", "process_pending_decryption":"0", "process_success":"6", "total":"6"}}
{"logTime": "0306/114756", "correlationVector":"c7lCtBaVdm8BruGSepjiSZ.5","action":"ProcessGetUpdates", "result":"Done", "context":{"dataType":"Extension settings", "deleted":"0", "process_failed_to_decrypt":"0", "process_pending_decryption":"0", "process_success":"3", "total":"3"}}
{"logTime": "0306/114756", "correlationVector":"c7lCtBaVdm8BruGSepjiSZ.6","action":"ProcessGetUpdates", "result":"Done", "context":{"dataType":"Web Apps", "deleted":"0", "process_failed_to_decrypt":"0", "process_pending_decryption":"0", "process_success":"3", "total":"3"}}
{"logTime": "0306/114756", "correlationVector":"c7lCtBaVdm8BruGSepjiSZ.7","action":"ProcessGetUpdates", "result":"Done", "context":{"dataType":"Saved Tab Group", "deleted":"11", "process_failed_to_decrypt":"0", "process_pending_decryption":"0", "process_success":"11", "total":"11"}}
{"logTime": "0306/114756", "correlationVector":"c7lCtBaVdm8BruGSepjiSZ.8","action":"ProcessGetUpdates", "result":"Done", "context":{"dataType":"Collection", "deleted":"0", "process_failed_to_decrypt":"0", "process_pending_decryption":"0", "process_success":"6", "total":"6"}}
{"logTime": "0306/114756", "correlationVector":"c7lCtBaVdm8BruGSepjiSZ.9","action":"GetUpdates Response", "result":"Success", "context":Received 250 update(s). cV=c7lCtBaVdm8BruGSepjiSZ.0;server=akswtt11100002k;cloudType=Consumer;environment=Prod_southeastasia_prod-s01-065-apac-southeastasia;migrationStage=NotStarted Some updates remain.}
{"logTime": "0306/114756", "correlationVector":"alqOKH6UkPtI1GVWO0G+B1","action":"Initial GetUpdates", "result":"", "context":Reason: NEWLY_SUPPORTED_DATATYPE. cV=alqOKH6UkPtI1GVWO0G+B1}
{"logTime": "0306/114757", "correlationVector":"alqOKH6UkPtI1GVWO0G+B1.1","action":"SyncServerConnectionManagerRequest", "result":"SYNC_SERVER_OK", "context":{"environment":"Prod_southeastasia_prod-s01-065-apac-southeastasia", "migrationStage":"NotStarted", "server":"akswtt11100001i"}}
{"logTime": "0306/114757", "correlationVector":"alqOKH6UkPtI1GVWO0G+B1.2","action":"ProcessGetUpdates", "result":"Done", "context":{"dataType":"Autofill", "deleted":"0", "process_failed_to_decrypt":"0", "process_pending_decryption":"0", "process_success":"205", "total":"205"}}
{"logTime": "0306/114757", "correlationVector":"alqOKH6UkPtI1GVWO0G+B1.3","action":"ProcessGetUpdates", "result":"Done", "context":{"dataType":"Sessions", "deleted":"45", "process_failed_to_decrypt":"0", "process_pending_decryption":"0", "process_success":"45", "total":"45"}}
{"logTime": "0306/114757", "correlationVector":"alqOKH6UkPtI1GVWO0G+B1.4","action":"GetUpdates Response", "result":"Success", "context":Received 250 update(s). cV=alqOKH6UkPtI1GVWO0G+B1.0;server=akswtt11100001i;cloudType=Consumer;environment=Prod_southeastasia_prod-s01-065-apac-southeastasia;migrationStage=NotStarted Some updates remain.}
{"logTime": "0306/114757", "correlationVector":"y12kxtbhiXac3LZfUPMXVU","action":"Initial GetUpdates", "result":"", "context":Reason: NEWLY_SUPPORTED_DATATYPE. cV=y12kxtbhiXac3LZfUPMXVU}
{"logTime": "0306/114758", "correlationVector":"y12kxtbhiXac3LZfUPMXVU.1","action":"SyncServerConnectionManagerRequest", "result":"SYNC_SERVER_OK", "context":{"environment":"Prod_southeastasia_prod-s01-065-apac-southeastasia", "migrationStage":"NotStarted", "server":"akswtt111000024"}}
{"logTime": "0306/114758", "correlationVector":"y12kxtbhiXac3LZfUPMXVU.2","action":"ProcessGetUpdates", "result":"Done", "context":{"dataType":"Autofill", "deleted":"0", "process_failed_to_decrypt":"0", "process_pending_decryption":"0", "process_success":"6", "total":"6"}}
{"logTime": "0306/114758", "correlationVector":"y12kxtbhiXac3LZfUPMXVU.3","action":"ProcessGetUpdates", "result":"Done", "context":{"dataType":"Sessions", "deleted":"244", "process_failed_to_decrypt":"0", "process_pending_decryption":"0", "process_success":"244", "total":"244"}}
{"logTime": "0306/114758", "correlationVector":"y12kxtbhiXac3LZfUPMXVU.4","action":"GetUpdates Response", "result":"Success", "context":Received 250 update(s). cV=y12kxtbhiXac3LZfUPMXVU.0;server=akswtt111000024;cloudType=Consumer;environment=Prod_southeastasia_prod-s01-065-apac-southeastasia;migrationStage=NotStarted Some updates remain.}
{"logTime": "0306/114758", "correlationVector":"XdGI23Kwy9Fs+69WTdMdcn","action":"Initial GetUpdates", "result":"", "context":Reason: NEWLY_SUPPORTED_DATATYPE. cV=XdGI23Kwy9Fs+69WTdMdcn}
{"logTime": "0306/114759", "correlationVector":"XdGI23Kwy9Fs+69WTdMdcn.1","action":"SyncServerConnectionManagerRequest", "result":"SYNC_SERVER_OK", "context":{"environment":"Prod_southeastasia_prod-s01-065-apac-southeastasia", "migrationStage":"NotStarted", "server":"akswtt111000026"}}
{"logTime": "0306/114759", "correlationVector":"XdGI23Kwy9Fs+69WTdMdcn.2","action":"ProcessGetUpdates", "result":"Done", "context":{"dataType":"Autofill", "deleted":"0", "process_failed_to_decrypt":"0", "process_pending_decryption":"0", "process_success":"9", "total":"9"}}
{"logTime": "0306/114759", "correlationVector":"XdGI23Kwy9Fs+69WTdMdcn.3","action":"ProcessGetUpdates", "result":"Done", "context":{"dataType":"Sessions", "deleted":"240", "process_failed_to_decrypt":"0", "process_pending_decryption":"0", "process_success":"240", "total":"240"}}
{"logTime": "0306/114759", "correlationVector":"XdGI23Kwy9Fs+69WTdMdcn.4","action":"ProcessGetUpdates", "result":"Done", "context":{"dataType":"Edge Hub App Usage", "deleted":"0", "process_failed_to_decrypt":"0", "process_pending_decryption":"0", "process_success":"1", "total":"1"}}
{"logTime": "0306/114759", "correlationVector":"XdGI23Kwy9Fs+69WTdMdcn.5","action":"GetUpdates Response", "result":"Success", "context":Received 250 update(s). cV=XdGI23Kwy9Fs+69WTdMdcn.0;server=akswtt111000026;cloudType=Consumer;environment=Prod_southeastasia_prod-s01-065-apac-southeastasia;migrationStage=NotStarted Some updates remain.}
{"logTime": "0306/114759", "correlationVector":"2VjRIcor7edOADXufL2VFF","action":"Initial GetUpdates", "result":"", "context":Reason: NEWLY_SUPPORTED_DATATYPE. cV=2VjRIcor7edOADXufL2VFF}
{"logTime": "0306/114800", "correlationVector":"2VjRIcor7edOADXufL2VFF.1","action":"SyncServerConnectionManagerRequest", "result":"SYNC_SERVER_OK", "context":{"environment":"Prod_southeastasia_prod-s01-065-apac-southeastasia", "migrationStage":"NotStarted", "server":"akswtt11100000d"}}
{"logTime": "0306/114800", "correlationVector":"2VjRIcor7edOADXufL2VFF.2","action":"ProcessGetUpdates", "result":"Done", "context":{"dataType":"Autofill", "deleted":"0", "process_failed_to_decrypt":"0", "process_pending_decryption":"0", "process_success":"8", "total":"8"}}
{"logTime": "0306/114800", "correlationVector":"2VjRIcor7edOADXufL2VFF.3","action":"ProcessGetUpdates", "result":"Done", "context":{"dataType":"Sessions", "deleted":"235", "process_failed_to_decrypt":"0", "process_pending_decryption":"0", "process_success":"235", "total":"235"}}
{"logTime": "0306/114800", "correlationVector":"2VjRIcor7edOADXufL2VFF.4","action":"ProcessGetUpdates", "result":"Done", "context":{"dataType":"Edge Hub App Usage", "deleted":"3", "process_failed_to_decrypt":"0", "process_pending_decryption":"0", "process_success":"7", "total":"7"}}
{"logTime": "0306/114800", "correlationVector":"2VjRIcor7edOADXufL2VFF.5","action":"GetUpdates Response", "result":"Success", "context":Received 250 update(s). cV=2VjRIcor7edOADXufL2VFF.0;server=akswtt11100000d;cloudType=Consumer;environment=Prod_southeastasia_prod-s01-065-apac-southeastasia;migrationStage=NotStarted Some updates remain.}
{"logTime": "0306/114800", "correlationVector":"Oatvh6juFlOHA0zUp6Ho7f","action":"Initial GetUpdates", "result":"", "context":Reason: NEWLY_SUPPORTED_DATATYPE. cV=Oatvh6juFlOHA0zUp6Ho7f}
{"logTime": "0306/114802", "correlationVector":"Oatvh6juFlOHA0zUp6Ho7f.1","action":"SyncServerConnectionManagerRequest", "result":"SYNC_SERVER_OK", "context":{"environment":"Prod_southeastasia_prod-s01-065-apac-southeastasia", "migrationStage":"NotStarted", "server":"akswtt111000026"}}
{"logTime": "0306/114802", "correlationVector":"Oatvh6juFlOHA0zUp6Ho7f.2","action":"ProcessGetUpdates", "result":"Done", "context":{"dataType":"Autofill", "deleted":"0", "process_failed_to_decrypt":"0", "process_pending_decryption":"0", "process_success":"4", "total":"4"}}
{"logTime": "0306/114802", "correlationVector":"Oatvh6juFlOHA0zUp6Ho7f.3","action":"ProcessGetUpdates", "result":"Done", "context":{"dataType":"Sessions", "deleted":"241", "process_failed_to_decrypt":"0", "process_pending_decryption":"0", "process_success":"241", "total":"241"}}
{"logTime": "0306/114802", "correlationVector":"Oatvh6juFlOHA0zUp6Ho7f.4","action":"ProcessGetUpdates", "result":"Done", "context":{"dataType":"Extension settings", "deleted":"5", "process_failed_to_decrypt":"0", "process_pending_decryption":"0", "process_success":"5", "total":"5"}}
{"logTime": "0306/114802", "correlationVector":"Oatvh6juFlOHA0zUp6Ho7f.5","action":"GetUpdates Response", "result":"Success", "context":Received 250 update(s). cV=Oatvh6juFlOHA0zUp6Ho7f.0;server=akswtt111000026;cloudType=Consumer;environment=Prod_southeastasia_prod-s01-065-apac-southeastasia;migrationStage=NotStarted Some updates remain.}
{"logTime": "0306/114802", "correlationVector":"VmY4HDYZqFYygF7LUTYmv3","action":"Initial GetUpdates", "result":"", "context":Reason: NEWLY_SUPPORTED_DATATYPE. cV=VmY4HDYZqFYygF7LUTYmv3}
{"logTime": "0306/114803", "correlationVector":"VmY4HDYZqFYygF7LUTYmv3.1","action":"SyncServerConnectionManagerRequest", "result":"SYNC_SERVER_OK", "context":{"environment":"Prod_southeastasia_prod-s01-065-apac-southeastasia", "migrationStage":"NotStarted", "server":"akswtt11100002f"}}
{"logTime": "0306/114803", "correlationVector":"VmY4HDYZqFYygF7LUTYmv3.2","action":"ProcessGetUpdates", "result":"Done", "context":{"dataType":"Extensions", "deleted":"0", "process_failed_to_decrypt":"0", "process_pending_decryption":"0", "process_success":"2", "total":"2"}}
{"logTime": "0306/114803", "correlationVector":"VmY4HDYZqFYygF7LUTYmv3.3","action":"ProcessGetUpdates", "result":"Done", "context":{"dataType":"Sessions", "deleted":"247", "process_failed_to_decrypt":"0", "process_pending_decryption":"0", "process_success":"247", "total":"247"}}
{"logTime": "0306/114803", "correlationVector":"VmY4HDYZqFYygF7LUTYmv3.4","action":"ProcessGetUpdates", "result":"Done", "context":{"dataType":"Edge Hub App Usage", "deleted":"0", "process_failed_to_decrypt":"0", "process_pending_decryption":"0", "process_success":"1", "total":"1"}}
{"logTime": "0306/114803", "correlationVector":"VmY4HDYZqFYygF7LUTYmv3.5","action":"GetUpdates Response", "result":"Success", "context":Received 250 update(s). cV=VmY4HDYZqFYygF7LUTYmv3.0;server=akswtt11100002f;cloudType=Consumer;environment=Prod_southeastasia_prod-s01-065-apac-southeastasia;migrationStage=NotStarted Some updates remain.}
{"logTime": "0306/114803", "correlationVector":"3A9g9recNIA+cVNINtD28y","action":"Initial GetUpdates", "result":"", "context":Reason: NEWLY_SUPPORTED_DATATYPE. cV=3A9g9recNIA+cVNINtD28y}
{"logTime": "0306/114805", "correlationVector":"3A9g9recNIA+cVNINtD28y.1","action":"SyncServerConnectionManagerRequest", "result":"SYNC_SERVER_OK", "context":{"environment":"Prod_southeastasia_prod-s01-065-apac-southeastasia", "migrationStage":"NotStarted", "server":"akswtt11100000d"}}
{"logTime": "0306/114805", "correlationVector":"3A9g9recNIA+cVNINtD28y.2","action":"ProcessGetUpdates", "result":"Done", "context":{"dataType":"Autofill Profiles", "deleted":"2", "process_failed_to_decrypt":"0", "process_pending_decryption":"0", "process_success":"2", "total":"2"}}
{"logTime": "0306/114805", "correlationVector":"3A9g9recNIA+cVNINtD28y.3","action":"ProcessGetUpdates", "result":"Done", "context":{"dataType":"Autofill", "deleted":"0", "process_failed_to_decrypt":"0", "process_pending_decryption":"0", "process_success":"5", "total":"5"}}
{"logTime": "0306/114805", "correlationVector":"3A9g9recNIA+cVNINtD28y.4","action":"ProcessGetUpdates", "result":"Done", "context":{"dataType":"Sessions", "deleted":"241", "process_failed_to_decrypt":"0", "process_pending_decryption":"0", "process_success":"241", "total":"241"}}
{"logTime": "0306/114805", "correlationVector":"3A9g9recNIA+cVNINtD28y.5","action":"ProcessGetUpdates", "result":"Done", "context":{"dataType":"Edge Hub App Usage", "deleted":"0", "process_failed_to_decrypt":"0", "process_pending_decryption":"0", "process_success":"2", "total":"2"}}
{"logTime": "0306/114805", "correlationVector":"3A9g9recNIA+cVNINtD28y.6","action":"GetUpdates Response", "result":"Success", "context":Received 250 update(s). cV=3A9g9recNIA+cVNINtD28y.0;server=akswtt11100000d;cloudType=Consumer;environment=Prod_southeastasia_prod-s01-065-apac-southeastasia;migrationStage=NotStarted Some updates remain.}
{"logTime": "0306/114805", "correlationVector":"N7/7uxEIKR3CnjgYTyEiFE","action":"Initial GetUpdates", "result":"", "context":Reason: NEWLY_SUPPORTED_DATATYPE. cV=N7/7uxEIKR3CnjgYTyEiFE}
{"logTime": "0306/114806", "correlationVector":"N7/7uxEIKR3CnjgYTyEiFE.1","action":"SyncServerConnectionManagerRequest", "result":"SYNC_SERVER_OK", "context":{"environment":"Prod_southeastasia_prod-s01-065-apac-southeastasia", "migrationStage":"NotStarted", "server":"akswtt111000026"}}
{"logTime": "0306/114806", "correlationVector":"N7/7uxEIKR3CnjgYTyEiFE.2","action":"ProcessGetUpdates", "result":"Done", "context":{"dataType":"Autofill Profiles", "deleted":"0", "process_failed_to_decrypt":"0", "process_pending_decryption":"0", "process_success":"3", "total":"3"}}
{"logTime": "0306/114806", "correlationVector":"N7/7uxEIKR3CnjgYTyEiFE.3","action":"ProcessGetUpdates", "result":"Done", "context":{"dataType":"Autofill", "deleted":"0", "process_failed_to_decrypt":"0", "process_pending_decryption":"0", "process_success":"9", "total":"9"}}
{"logTime": "0306/114806", "correlationVector":"N7/7uxEIKR3CnjgYTyEiFE.4","action":"ProcessGetUpdates", "result":"Done", "context":{"dataType":"Extensions", "deleted":"0", "process_failed_to_decrypt":"0", "process_pending_decryption":"0", "process_success":"2", "total":"2"}}
{"logTime": "0306/114806", "correlationVector":"N7/7uxEIKR3CnjgYTyEiFE.5","action":"ProcessGetUpdates", "result":"Done", "context":{"dataType":"Sessions", "deleted":"235", "process_failed_to_decrypt":"0", "process_pending_decryption":"0", "process_success":"235", "total":"235"}}
{"logTime": "0306/114806", "correlationVector":"N7/7uxEIKR3CnjgYTyEiFE.6","action":"ProcessGetUpdates", "result":"Done", "context":{"dataType":"Edge Hub App Usage", "deleted":"1", "process_failed_to_decrypt":"0", "process_pending_decryption":"0", "process_success":"1", "total":"1"}}
{"logTime": "0306/114806", "correlationVector":"N7/7uxEIKR3CnjgYTyEiFE.7","action":"GetUpdates Response", "result":"Success", "context":Received 250 update(s). cV=N7/7uxEIKR3CnjgYTyEiFE.0;server=akswtt111000026;cloudType=Consumer;environment=Prod_southeastasia_prod-s01-065-apac-southeastasia;migrationStage=NotStarted Some updates remain.}
{"logTime": "0306/114806", "correlationVector":"gouX83hnW+Vwve+4y3S6E4","action":"Initial GetUpdates", "result":"", "context":Reason: NEWLY_SUPPORTED_DATATYPE. cV=gouX83hnW+Vwve+4y3S6E4}
{"logTime": "0306/114807", "correlationVector":"gouX83hnW+Vwve+4y3S6E4.1","action":"SyncServerConnectionManagerRequest", "result":"SYNC_SERVER_OK", "context":{"environment":"Prod_southeastasia_prod-s01-065-apac-southeastasia", "migrationStage":"NotStarted", "server":"akswtt11100001h"}}
{"logTime": "0306/114807", "correlationVector":"gouX83hnW+Vwve+4y3S6E4.2","action":"ProcessGetUpdates", "result":"Done", "context":{"dataType":"Autofill", "deleted":"0", "process_failed_to_decrypt":"0", "process_pending_decryption":"0", "process_success":"1", "total":"1"}}
{"logTime": "0306/114807", "correlationVector":"gouX83hnW+Vwve+4y3S6E4.3","action":"ProcessGetUpdates", "result":"Done", "context":{"dataType":"Sessions", "deleted":"30", "process_failed_to_decrypt":"0", "process_pending_decryption":"0", "process_success":"47", "total":"47"}}
{"logTime": "0306/114807", "correlationVector":"gouX83hnW+Vwve+4y3S6E4.4","action":"GetUpdates Response", "result":"Success", "context":Received 48 update(s). cV=gouX83hnW+Vwve+4y3S6E4.0;server=akswtt11100001h;cloudType=Consumer;environment=Prod_southeastasia_prod-s01-065-apac-southeastasia;migrationStage=NotStarted}
{"logTime": "0306/114807", "correlationVector":"5jeN3X3SG8/GDGB9tma1Rs","action":"Initial GetUpdates", "result":"", "context":Reason: NEWLY_SUPPORTED_DATATYPE. cV=5jeN3X3SG8/GDGB9tma1Rs}
{"logTime": "0306/114809", "correlationVector":"5jeN3X3SG8/GDGB9tma1Rs.1","action":"SyncServerConnectionManagerRequest", "result":"SYNC_SERVER_OK", "context":{"environment":"Prod_southeastasia_prod-s01-065-apac-southeastasia", "migrationStage":"NotStarted", "server":"akswtt11100002j"}}
{"logTime": "0306/114809", "correlationVector":"5jeN3X3SG8/GDGB9tma1Rs.2","action":"ProcessGetUpdates", "result":"Done", "context":{"dataType":"History", "deleted":"0", "process_failed_to_decrypt":"0", "process_pending_decryption":"0", "process_success":"250", "total":"250"}}
{"logTime": "0306/114809", "correlationVector":"5jeN3X3SG8/GDGB9tma1Rs.3","action":"GetUpdates Response", "result":"Success", "context":Received 250 update(s). cV=5jeN3X3SG8/GDGB9tma1Rs.0;server=akswtt11100002j;cloudType=Consumer;environment=Prod_southeastasia_prod-s01-065-apac-southeastasia;migrationStage=NotStarted Some updates remain.}
{"logTime": "0306/114809", "correlationVector":"qcfnbA8OeD03Bt8xfvS8Ad","action":"Initial GetUpdates", "result":"", "context":Reason: NEWLY_SUPPORTED_DATATYPE. cV=qcfnbA8OeD03Bt8xfvS8Ad}
{"logTime": "0306/114810", "correlationVector":"qcfnbA8OeD03Bt8xfvS8Ad.1","action":"SyncServerConnectionManagerRequest", "result":"SYNC_SERVER_OK", "context":{"environment":"Prod_southeastasia_prod-s01-065-apac-southeastasia", "migrationStage":"NotStarted", "server":"akswtt11100000d"}}
{"logTime": "0306/114810", "correlationVector":"qcfnbA8OeD03Bt8xfvS8Ad.2","action":"ProcessGetUpdates", "result":"Done", "context":{"dataType":"History", "deleted":"0", "process_failed_to_decrypt":"0", "process_pending_decryption":"0", "process_success":"250", "total":"250"}}
{"logTime": "0306/114810", "correlationVector":"qcfnbA8OeD03Bt8xfvS8Ad.3","action":"GetUpdates Response", "result":"Success", "context":Received 250 update(s). cV=qcfnbA8OeD03Bt8xfvS8Ad.0;server=akswtt11100000d;cloudType=Consumer;environment=Prod_southeastasia_prod-s01-065-apac-southeastasia;migrationStage=NotStarted Some updates remain.}
{"logTime": "0306/114810", "correlationVector":"PtqOGaQYkCVtvyzSELdBmw","action":"Initial GetUpdates", "result":"", "context":Reason: NEWLY_SUPPORTED_DATATYPE. cV=PtqOGaQYkCVtvyzSELdBmw}
{"logTime": "0306/114811", "correlationVector":"PtqOGaQYkCVtvyzSELdBmw.1","action":"SyncServerConnectionManagerRequest", "result":"SYNC_SERVER_OK", "context":{"environment":"Prod_southeastasia_prod-s01-065-apac-southeastasia", "migrationStage":"NotStarted", "server":"akswtt11100002n"}}
{"logTime": "0306/114811", "correlationVector":"PtqOGaQYkCVtvyzSELdBmw.2","action":"ProcessGetUpdates", "result":"Done", "context":{"dataType":"History", "deleted":"0", "process_failed_to_decrypt":"0", "process_pending_decryption":"0", "process_success":"250", "total":"250"}}
{"logTime": "0306/114811", "correlationVector":"PtqOGaQYkCVtvyzSELdBmw.3","action":"GetUpdates Response", "result":"Success", "context":Received 250 update(s). cV=PtqOGaQYkCVtvyzSELdBmw.0;server=akswtt11100002n;cloudType=Consumer;environment=Prod_southeastasia_prod-s01-065-apac-southeastasia;migrationStage=NotStarted Some updates remain.}
{"logTime": "0306/114811", "correlationVector":"ZEu3TSvXYYFEFJgX9fpBqG","action":"Initial GetUpdates", "result":"", "context":Reason: NEWLY_SUPPORTED_DATATYPE. cV=ZEu3TSvXYYFEFJgX9fpBqG}
{"logTime": "0306/114812", "correlationVector":"ZEu3TSvXYYFEFJgX9fpBqG.1","action":"SyncServerConnectionManagerRequest", "result":"SYNC_SERVER_OK", "context":{"environment":"Prod_southeastasia_prod-s01-065-apac-southeastasia", "migrationStage":"NotStarted", "server":"akswtt111000024"}}
{"logTime": "0306/114812", "correlationVector":"ZEu3TSvXYYFEFJgX9fpBqG.2","action":"ProcessGetUpdates", "result":"Done", "context":{"dataType":"History", "deleted":"0", "process_failed_to_decrypt":"0", "process_pending_decryption":"0", "process_success":"250", "total":"250"}}
{"logTime": "0306/114812", "correlationVector":"ZEu3TSvXYYFEFJgX9fpBqG.3","action":"GetUpdates Response", "result":"Success", "context":Received 250 update(s). cV=ZEu3TSvXYYFEFJgX9fpBqG.0;server=akswtt111000024;cloudType=Consumer;environment=Prod_southeastasia_prod-s01-065-apac-southeastasia;migrationStage=NotStarted Some updates remain.}
{"logTime": "0306/114812", "correlationVector":"2ay9sG0pKsw+YPTEaTsEwE","action":"Initial GetUpdates", "result":"", "context":Reason: NEWLY_SUPPORTED_DATATYPE. cV=2ay9sG0pKsw+YPTEaTsEwE}
{"logTime": "0306/114813", "correlationVector":"2ay9sG0pKsw+YPTEaTsEwE.1","action":"SyncServerConnectionManagerRequest", "result":"SYNC_SERVER_OK", "context":{"environment":"Prod_southeastasia_prod-s01-065-apac-southeastasia", "migrationStage":"NotStarted", "server":"akswtt11100001h"}}
{"logTime": "0306/114813", "correlationVector":"2ay9sG0pKsw+YPTEaTsEwE.2","action":"ProcessGetUpdates", "result":"Done", "context":{"dataType":"History", "deleted":"0", "process_failed_to_decrypt":"0", "process_pending_decryption":"0", "process_success":"250", "total":"250"}}
{"logTime": "0306/114813", "correlationVector":"2ay9sG0pKsw+YPTEaTsEwE.3","action":"GetUpdates Response", "result":"Success", "context":Received 250 update(s). cV=2ay9sG0pKsw+YPTEaTsEwE.0;server=akswtt11100001h;cloudType=Consumer;environment=Prod_southeastasia_prod-s01-065-apac-southeastasia;migrationStage=NotStarted Some updates remain.}
{"logTime": "0306/114813", "correlationVector":"RGv0iWmvtcWlX+iFSc3D5j","action":"Initial GetUpdates", "result":"", "context":Reason: NEWLY_SUPPORTED_DATATYPE. cV=RGv0iWmvtcWlX+iFSc3D5j}
{"logTime": "0306/114814", "correlationVector":"RGv0iWmvtcWlX+iFSc3D5j.1","action":"SyncServerConnectionManagerRequest", "result":"SYNC_SERVER_OK", "context":{"environment":"Prod_southeastasia_prod-s01-065-apac-southeastasia", "migrationStage":"NotStarted", "server":"akswtt11100002f"}}
{"logTime": "0306/114814", "correlationVector":"RGv0iWmvtcWlX+iFSc3D5j.2","action":"ProcessGetUpdates", "result":"Done", "context":{"dataType":"History", "deleted":"0", "process_failed_to_decrypt":"0", "process_pending_decryption":"0", "process_success":"250", "total":"250"}}
{"logTime": "0306/114814", "correlationVector":"RGv0iWmvtcWlX+iFSc3D5j.3","action":"GetUpdates Response", "result":"Success", "context":Received 250 update(s). cV=RGv0iWmvtcWlX+iFSc3D5j.0;server=akswtt11100002f;cloudType=Consumer;environment=Prod_southeastasia_prod-s01-065-apac-southeastasia;migrationStage=NotStarted Some updates remain.}
{"logTime": "0306/114814", "correlationVector":"Q/Soc174SEFB8r+s5gDImI","action":"Initial GetUpdates", "result":"", "context":Reason: NEWLY_SUPPORTED_DATATYPE. cV=Q/Soc174SEFB8r+s5gDImI}
{"logTime": "0306/114816", "correlationVector":"Q/Soc174SEFB8r+s5gDImI.1","action":"SyncServerConnectionManagerRequest", "result":"SYNC_SERVER_OK", "context":{"environment":"Prod_southeastasia_prod-s01-065-apac-southeastasia", "migrationStage":"NotStarted", "server":"akswtt111000019"}}
{"logTime": "0306/114816", "correlationVector":"Q/Soc174SEFB8r+s5gDImI.2","action":"ProcessGetUpdates", "result":"Done", "context":{"dataType":"History", "deleted":"0", "process_failed_to_decrypt":"0", "process_pending_decryption":"0", "process_success":"250", "total":"250"}}
{"logTime": "0306/114816", "correlationVector":"Q/Soc174SEFB8r+s5gDImI.3","action":"GetUpdates Response", "result":"Success", "context":Received 250 update(s). cV=Q/Soc174SEFB8r+s5gDImI.0;server=akswtt111000019;cloudType=Consumer;environment=Prod_southeastasia_prod-s01-065-apac-southeastasia;migrationStage=NotStarted Some updates remain.}
{"logTime": "0306/114816", "correlationVector":"hvLLy1glZPNTYEO+EcKubi","action":"Initial GetUpdates", "result":"", "context":Reason: NEWLY_SUPPORTED_DATATYPE. cV=hvLLy1glZPNTYEO+EcKubi}
{"logTime": "0306/114818", "correlationVector":"hvLLy1glZPNTYEO+EcKubi.1","action":"SyncServerConnectionManagerRequest", "result":"SYNC_SERVER_OK", "context":{"environment":"Prod_southeastasia_prod-s01-065-apac-southeastasia", "migrationStage":"NotStarted", "server":"akswtt111000023"}}
{"logTime": "0306/114818", "correlationVector":"hvLLy1glZPNTYEO+EcKubi.2","action":"ProcessGetUpdates", "result":"Done", "context":{"dataType":"History", "deleted":"0", "process_failed_to_decrypt":"0", "process_pending_decryption":"0", "process_success":"250", "total":"250"}}
{"logTime": "0306/114818", "correlationVector":"hvLLy1glZPNTYEO+EcKubi.3","action":"GetUpdates Response", "result":"Success", "context":Received 250 update(s). cV=hvLLy1glZPNTYEO+EcKubi.0;server=akswtt111000023;cloudType=Consumer;environment=Prod_southeastasia_prod-s01-065-apac-southeastasia;migrationStage=NotStarted Some updates remain.}
{"logTime": "0306/114818", "correlationVector":"WfIOJAiTxoDfu5W5vj2zQ/","action":"Initial GetUpdates", "result":"", "context":Reason: NEWLY_SUPPORTED_DATATYPE. cV=WfIOJAiTxoDfu5W5vj2zQ/}
{"logTime": "0306/114819", "correlationVector":"WfIOJAiTxoDfu5W5vj2zQ/.1","action":"SyncServerConnectionManagerRequest", "result":"SYNC_SERVER_OK", "context":{"environment":"Prod_southeastasia_prod-s01-065-apac-southeastasia", "migrationStage":"NotStarted", "server":"akswtt11100002k"}}
{"logTime": "0306/114819", "correlationVector":"WfIOJAiTxoDfu5W5vj2zQ/.2","action":"ProcessGetUpdates", "result":"Done", "context":{"dataType":"History", "deleted":"0", "process_failed_to_decrypt":"0", "process_pending_decryption":"0", "process_success":"250", "total":"250"}}
{"logTime": "0306/114819", "correlationVector":"WfIOJAiTxoDfu5W5vj2zQ/.3","action":"GetUpdates Response", "result":"Success", "context":Received 250 update(s). cV=WfIOJAiTxoDfu5W5vj2zQ/.0;server=akswtt11100002k;cloudType=Consumer;environment=Prod_southeastasia_prod-s01-065-apac-southeastasia;migrationStage=NotStarted Some updates remain.}
{"logTime": "0306/114819", "correlationVector":"r/AmU7vN/gDTrMsnYTFS85","action":"Initial GetUpdates", "result":"", "context":Reason: NEWLY_SUPPORTED_DATATYPE. cV=r/AmU7vN/gDTrMsnYTFS85}
{"logTime": "0306/114820", "correlationVector":"r/AmU7vN/gDTrMsnYTFS85.1","action":"SyncServerConnectionManagerRequest", "result":"SYNC_SERVER_OK", "context":{"environment":"Prod_southeastasia_prod-s01-065-apac-southeastasia", "migrationStage":"NotStarted", "server":"akswtt11100002j"}}
{"logTime": "0306/114820", "correlationVector":"r/AmU7vN/gDTrMsnYTFS85.2","action":"ProcessGetUpdates", "result":"Done", "context":{"dataType":"History", "deleted":"0", "process_failed_to_decrypt":"0", "process_pending_decryption":"0", "process_success":"250", "total":"250"}}
{"logTime": "0306/114820", "correlationVector":"r/AmU7vN/gDTrMsnYTFS85.3","action":"GetUpdates Response", "result":"Success", "context":Received 250 update(s). cV=r/AmU7vN/gDTrMsnYTFS85.0;server=akswtt11100002j;cloudType=Consumer;environment=Prod_southeastasia_prod-s01-065-apac-southeastasia;migrationStage=NotStarted Some updates remain.}
{"logTime": "0306/114820", "correlationVector":"0iZT9sEo2BLVaek1KZv6VJ","action":"Initial GetUpdates", "result":"", "context":Reason: NEWLY_SUPPORTED_DATATYPE. cV=0iZT9sEo2BLVaek1KZv6VJ}
{"logTime": "0306/114821", "correlationVector":"0iZT9sEo2BLVaek1KZv6VJ.1","action":"SyncServerConnectionManagerRequest", "result":"SYNC_SERVER_OK", "context":{"environment":"Prod_southeastasia_prod-s01-065-apac-southeastasia", "migrationStage":"NotStarted", "server":"akswtt111000024"}}
{"logTime": "0306/114821", "correlationVector":"0iZT9sEo2BLVaek1KZv6VJ.2","action":"ProcessGetUpdates", "result":"Done", "context":{"dataType":"History", "deleted":"0", "process_failed_to_decrypt":"0", "process_pending_decryption":"0", "process_success":"250", "total":"250"}}
{"logTime": "0306/114821", "correlationVector":"0iZT9sEo2BLVaek1KZv6VJ.3","action":"GetUpdates Response", "result":"Success", "context":Received 250 update(s). cV=0iZT9sEo2BLVaek1KZv6VJ.0;server=akswtt111000024;cloudType=Consumer;environment=Prod_southeastasia_prod-s01-065-apac-southeastasia;migrationStage=NotStarted Some updates remain.}
{"logTime": "0306/114821", "correlationVector":"OVba3wEtJxLfrJEGE9UyxD","action":"Initial GetUpdates", "result":"", "context":Reason: NEWLY_SUPPORTED_DATATYPE. cV=OVba3wEtJxLfrJEGE9UyxD}
{"logTime": "0306/114822", "correlationVector":"OVba3wEtJxLfrJEGE9UyxD.1","action":"SyncServerConnectionManagerRequest", "result":"SYNC_SERVER_OK", "context":{"environment":"Prod_southeastasia_prod-s01-065-apac-southeastasia", "migrationStage":"NotStarted", "server":"akswtt111000026"}}
{"logTime": "0306/114822", "correlationVector":"OVba3wEtJxLfrJEGE9UyxD.2","action":"ProcessGetUpdates", "result":"Done", "context":{"dataType":"History", "deleted":"0", "process_failed_to_decrypt":"0", "process_pending_decryption":"0", "process_success":"250", "total":"250"}}
{"logTime": "0306/114822", "correlationVector":"OVba3wEtJxLfrJEGE9UyxD.3","action":"GetUpdates Response", "result":"Success", "context":Received 250 update(s). cV=OVba3wEtJxLfrJEGE9UyxD.0;server=akswtt111000026;cloudType=Consumer;environment=Prod_southeastasia_prod-s01-065-apac-southeastasia;migrationStage=NotStarted Some updates remain.}
{"logTime": "0306/114822", "correlationVector":"N4XlJ/mjDsJtD2wrn+nFCc","action":"Initial GetUpdates", "result":"", "context":Reason: NEWLY_SUPPORTED_DATATYPE. cV=N4XlJ/mjDsJtD2wrn+nFCc}
{"logTime": "0306/114823", "correlationVector":"N4XlJ/mjDsJtD2wrn+nFCc.1","action":"SyncServerConnectionManagerRequest", "result":"SYNC_SERVER_OK", "context":{"environment":"Prod_southeastasia_prod-s01-065-apac-southeastasia", "migrationStage":"NotStarted", "server":"akswtt11100002j"}}
{"logTime": "0306/114823", "correlationVector":"N4XlJ/mjDsJtD2wrn+nFCc.2","action":"ProcessGetUpdates", "result":"Done", "context":{"dataType":"History", "deleted":"0", "process_failed_to_decrypt":"0", "process_pending_decryption":"0", "process_success":"250", "total":"250"}}
{"logTime": "0306/114823", "correlationVector":"N4XlJ/mjDsJtD2wrn+nFCc.3","action":"GetUpdates Response", "result":"Success", "context":Received 250 update(s). cV=N4XlJ/mjDsJtD2wrn+nFCc.0;server=akswtt11100002j;cloudType=Consumer;environment=Prod_southeastasia_prod-s01-065-apac-southeastasia;migrationStage=NotStarted Some updates remain.}
{"logTime": "0306/114823", "correlationVector":"GfPSgNZXe16mmy+VmWY21r","action":"Initial GetUpdates", "result":"", "context":Reason: NEWLY_SUPPORTED_DATATYPE. cV=GfPSgNZXe16mmy+VmWY21r}
{"logTime": "0306/114823", "correlationVector":"GfPSgNZXe16mmy+VmWY21r.1","action":"SyncServerConnectionManagerRequest", "result":"SYNC_SERVER_OK", "context":{"environment":"Prod_southeastasia_prod-s01-065-apac-southeastasia", "migrationStage":"NotStarted", "server":"akswtt11100000d"}}
{"logTime": "0306/114823", "correlationVector":"GfPSgNZXe16mmy+VmWY21r.2","action":"ProcessGetUpdates", "result":"Done", "context":{"dataType":"History", "deleted":"0", "process_failed_to_decrypt":"0", "process_pending_decryption":"0", "process_success":"106", "total":"106"}}
{"logTime": "0306/114823", "correlationVector":"GfPSgNZXe16mmy+VmWY21r.3","action":"GetUpdates Response", "result":"Success", "context":Received 106 update(s). cV=GfPSgNZXe16mmy+VmWY21r.0;server=akswtt11100000d;cloudType=Consumer;environment=Prod_southeastasia_prod-s01-065-apac-southeastasia;migrationStage=NotStarted}
{"logTime": "0306/114823", "correlationVector":"n8EU/lxyLEXMBFLmWE3dNT","action":"Normal GetUpdate request", "result":"", "context":cV=n8EU/lxyLEXMBFLmWE3dNT
Nudged types: Preferences, Passwords, Sessions, Device Info
Refresh requested types: Bookmarks, Preferences, Passwords, Autofill Profiles, Autofill, Extensions, Sessions, Extension settings, History Delete Directives, Device Info, User Consents, Send Tab To Self, Web Apps, History, Saved Tab Group, WebAuthn Credentials, Collection, Edge E Drop, Edge Hub App Usage, Edge Wallet, Edge Workspace, Encryption Keys}
{"logTime": "0306/114823", "correlationVector":"n8EU/lxyLEXMBFLmWE3dNT.1","action":"SyncServerConnectionManagerRequest", "result":"SYNC_SERVER_OK", "context":{"environment":"Prod_southeastasia_prod-s01-065-apac-southeastasia", "migrationStage":"NotStarted", "server":"akswtt11100001h"}}
{"logTime": "0306/114823", "correlationVector":"n8EU/lxyLEXMBFLmWE3dNT.2","action":"GetUpdates Response", "result":"Success", "context":Received 0 update(s). cV=n8EU/lxyLEXMBFLmWE3dNT.0;server=akswtt11100001h;cloudType=Consumer;environment=Prod_southeastasia_prod-s01-065-apac-southeastasia;migrationStage=NotStarted}
{"logTime": "0306/114823", "correlationVector":"NWawbi6VG9P1cYZyNncUXx","action":"Commit Request", "result":"", "context":Item count: 40
Contributing types: Passwords}
{"logTime": "0306/114827", "correlationVector":"NWawbi6VG9P1cYZyNncUXx.1","action":"SyncServerConnectionManagerRequest", "result":"SYNC_SERVER_OK", "context":{"environment":"Prod_southeastasia_prod-s01-065-apac-southeastasia", "migrationStage":"NotStarted", "server":"akswtt111000026"}}
{"logTime": "0306/114827", "correlationVector":"NWawbi6VG9P1cYZyNncUXx.2","action":"Commit Response", "result":"Success", "context":Result: Success. cV=NWawbi6VG9P1cYZyNncUXx.0;server=akswtt111000026;cloudType=Consumer;environment=Prod_southeastasia_prod-s01-065-apac-southeastasia;migrationStage=NotStarted}
{"logTime": "0306/114827", "correlationVector":"cmhxUPdNRB48Z9C1LVNSnV","action":"Commit Request", "result":"", "context":Item count: 40
Contributing types: Passwords}
{"logTime": "0306/114830", "correlationVector":"cmhxUPdNRB48Z9C1LVNSnV.1","action":"SyncServerConnectionManagerRequest", "result":"SYNC_SERVER_OK", "context":{"environment":"Prod_southeastasia_prod-s01-065-apac-southeastasia", "migrationStage":"NotStarted", "server":"akswtt111000019"}}
{"logTime": "0306/114830", "correlationVector":"cmhxUPdNRB48Z9C1LVNSnV.2","action":"Commit Response", "result":"Success", "context":Result: Success. cV=cmhxUPdNRB48Z9C1LVNSnV.0;server=akswtt111000019;cloudType=Consumer;environment=Prod_southeastasia_prod-s01-065-apac-southeastasia;migrationStage=NotStarted}
{"logTime": "0306/114830", "correlationVector":"hPj/cjtnmRJkrWwFmg6Ral","action":"Commit Request", "result":"", "context":Item count: 40
Contributing types: Passwords}
{"logTime": "0306/114833", "correlationVector":"hPj/cjtnmRJkrWwFmg6Ral.1","action":"SyncServerConnectionManagerRequest", "result":"SYNC_SERVER_OK", "context":{"environment":"Prod_southeastasia_prod-s01-065-apac-southeastasia", "migrationStage":"NotStarted", "server":"akswtt11100002k"}}
{"logTime": "0306/114833", "correlationVector":"hPj/cjtnmRJkrWwFmg6Ral.2","action":"Commit Response", "result":"Success", "context":Result: Success. cV=hPj/cjtnmRJkrWwFmg6Ral.0;server=akswtt11100002k;cloudType=Consumer;environment=Prod_southeastasia_prod-s01-065-apac-southeastasia;migrationStage=NotStarted}
{"logTime": "0306/114833", "correlationVector":"LCZajE6ghJWq22VSxvvAZO","action":"Commit Request", "result":"", "context":Item count: 40
Contributing types: Passwords}
{"logTime": "0306/114836", "correlationVector":"LCZajE6ghJWq22VSxvvAZO.1","action":"SyncServerConnectionManagerRequest", "result":"SYNC_SERVER_OK", "context":{"environment":"Prod_southeastasia_prod-s01-065-apac-southeastasia", "migrationStage":"NotStarted", "server":"akswtt111000026"}}
{"logTime": "0306/114836", "correlationVector":"LCZajE6ghJWq22VSxvvAZO.2","action":"Commit Response", "result":"Success", "context":Result: Success. cV=LCZajE6ghJWq22VSxvvAZO.0;server=akswtt111000026;cloudType=Consumer;environment=Prod_southeastasia_prod-s01-065-apac-southeastasia;migrationStage=NotStarted}
{"logTime": "0306/114836", "correlationVector":"XOYZFVsSZTom8vNrII1B+f","action":"Commit Request", "result":"", "context":Item count: 40
Contributing types: Passwords}
{"logTime": "0306/114841", "correlationVector":"XOYZFVsSZTom8vNrII1B+f.1","action":"SyncServerConnectionManagerRequest", "result":"SYNC_SERVER_OK", "context":{"environment":"Prod_southeastasia_prod-s01-065-apac-southeastasia", "migrationStage":"NotStarted", "server":"akswtt11100002k"}}
{"logTime": "0306/114841", "correlationVector":"XOYZFVsSZTom8vNrII1B+f.2","action":"Commit Response", "result":"Success", "context":Result: Success. cV=XOYZFVsSZTom8vNrII1B+f.0;server=akswtt11100002k;cloudType=Consumer;environment=Prod_southeastasia_prod-s01-065-apac-southeastasia;migrationStage=NotStarted}
{"logTime": "0306/114841", "correlationVector":"Gru8wlDfwH7P0U5ru/MpMJ","action":"Commit Request", "result":"", "context":Item count: 19
Contributing types: Preferences, Passwords, Sessions, Device Info}
{"logTime": "0306/114844", "correlationVector":"Gru8wlDfwH7P0U5ru/MpMJ.1","action":"SyncServerConnectionManagerRequest", "result":"SYNC_SERVER_OK", "context":{"environment":"Prod_southeastasia_prod-s01-065-apac-southeastasia", "migrationStage":"NotStarted", "server":"akswtt111000023"}}
{"logTime": "0306/114844", "correlationVector":"Gru8wlDfwH7P0U5ru/MpMJ.2","action":"Commit Response", "result":"Success", "context":Result: Success. cV=Gru8wlDfwH7P0U5ru/MpMJ.0;server=akswtt111000023;cloudType=Consumer;environment=Prod_southeastasia_prod-s01-065-apac-southeastasia;migrationStage=NotStarted}
{"logTime": "0306/115007", "correlationVector":"2P1SvR/b0re3uu13PSn7AP","action":"Commit Request", "result":"", "context":Item count: 1
Contributing types: Sessions}
{"logTime": "0306/115008", "correlationVector":"2P1SvR/b0re3uu13PSn7AP.1","action":"SyncServerConnectionManagerRequest", "result":"SYNC_SERVER_OK", "context":{"environment":"Prod_southeastasia_prod-s01-065-apac-southeastasia", "migrationStage":"NotStarted", "server":"akswtt11100000d"}}
{"logTime": "0306/115008", "correlationVector":"2P1SvR/b0re3uu13PSn7AP.2","action":"Commit Response", "result":"Success", "context":Result: Success. cV=2P1SvR/b0re3uu13PSn7AP.0;server=akswtt11100000d;cloudType=Consumer;environment=Prod_southeastasia_prod-s01-065-apac-southeastasia;migrationStage=NotStarted}
{"logTime": "0306/115209", "correlationVector":"MFVAXaifyhU8X/14QRmH3o","action":"Normal GetUpdate request", "result":"", "context":cV=MFVAXaifyhU8X/14QRmH3o
Notified types: Preferences}
{"logTime": "0306/115210", "correlationVector":"MFVAXaifyhU8X/14QRmH3o.1","action":"SyncServerConnectionManagerRequest", "result":"SYNC_SERVER_OK", "context":{"environment":"Prod_southeastasia_prod-s01-065-apac-southeastasia", "migrationStage":"NotStarted", "server":"akswtt11100000d"}}
{"logTime": "0306/115210", "correlationVector":"MFVAXaifyhU8X/14QRmH3o.2","action":"ProcessGetUpdates", "result":"Done", "context":{"dataType":"Preferences", "deleted":"0", "process_failed_to_decrypt":"0", "process_pending_decryption":"0", "process_success":"3", "total":"3"}}
{"logTime": "0306/115210", "correlationVector":"MFVAXaifyhU8X/14QRmH3o.3","action":"ProcessGetUpdates", "result":"Done", "context":{"dataType":"Passwords", "deleted":"0", "process_failed_to_decrypt":"0", "process_pending_decryption":"0", "process_success":"214", "total":"214"}}
{"logTime": "0306/115210", "correlationVector":"MFVAXaifyhU8X/14QRmH3o.4","action":"ProcessGetUpdates", "result":"Done", "context":{"dataType":"Sessions", "deleted":"0", "process_failed_to_decrypt":"0", "process_pending_decryption":"0", "process_success":"6", "total":"6"}}
{"logTime": "0306/115210", "correlationVector":"MFVAXaifyhU8X/14QRmH3o.5","action":"ProcessGetUpdates", "result":"Done", "context":{"dataType":"Device Info", "deleted":"0", "process_failed_to_decrypt":"0", "process_pending_decryption":"0", "process_success":"1", "total":"1"}}
{"logTime": "0306/115210", "correlationVector":"MFVAXaifyhU8X/14QRmH3o.6","action":"GetUpdates Response", "result":"Success", "context":Received 224 update(s). cV=MFVAXaifyhU8X/14QRmH3o.0;server=akswtt11100000d;cloudType=Consumer;environment=Prod_southeastasia_prod-s01-065-apac-southeastasia;migrationStage=NotStarted}
{"logTime": "0306/115314", "correlationVector":"TyQ3Xz/I0uMArUAxLPiLAq","action":"Commit Request", "result":"", "context":Item count: 3
Contributing types: Sessions, History}
{"logTime": "0306/115315", "correlationVector":"TyQ3Xz/I0uMArUAxLPiLAq.1","action":"SyncServerConnectionManagerRequest", "result":"SYNC_SERVER_OK", "context":{"environment":"Prod_southeastasia_prod-s01-065-apac-southeastasia", "migrationStage":"NotStarted", "server":"akswtt11100002o"}}
{"logTime": "0306/115315", "correlationVector":"TyQ3Xz/I0uMArUAxLPiLAq.2","action":"Commit Response", "result":"Success", "context":Result: Success. cV=TyQ3Xz/I0uMArUAxLPiLAq.0;server=akswtt11100002o;cloudType=Consumer;environment=Prod_southeastasia_prod-s01-065-apac-southeastasia;migrationStage=NotStarted}
{"logTime": "0306/120056", "correlationVector":"IG1JUua7z6nW1bfe2Np3SB","action":"Commit Request", "result":"", "context":Item count: 1
Contributing types: Sessions}
{"logTime": "0306/120057", "correlationVector":"IG1JUua7z6nW1bfe2Np3SB.1","action":"SyncServerConnectionManagerRequest", "result":"SYNC_SERVER_OK", "context":{"environment":"Prod_southeastasia_prod-s01-065-apac-southeastasia", "migrationStage":"NotStarted", "server":"akswtt11100002f"}}
{"logTime": "0306/120057", "correlationVector":"IG1JUua7z6nW1bfe2Np3SB.2","action":"Commit Response", "result":"Success", "context":Result: Success. cV=IG1JUua7z6nW1bfe2Np3SB.0;server=akswtt11100002f;cloudType=Consumer;environment=Prod_southeastasia_prod-s01-065-apac-southeastasia;migrationStage=NotStarted}
{"logTime": "0306/121001", "correlationVector":"7yLU7bgbUimwAt+wRtFRTg","action":"Commit Request", "result":"", "context":Item count: 3
Contributing types: Sessions, History}
{"logTime": "0306/121002", "correlationVector":"7yLU7bgbUimwAt+wRtFRTg.1","action":"SyncServerConnectionManagerRequest", "result":"SYNC_SERVER_OK", "context":{"environment":"Prod_southeastasia_prod-s01-065-apac-southeastasia", "migrationStage":"NotStarted", "server":"akswtt111000025"}}
{"logTime": "0306/121002", "correlationVector":"7yLU7bgbUimwAt+wRtFRTg.2","action":"Commit Response", "result":"Success", "context":Result: Success. cV=7yLU7bgbUimwAt+wRtFRTg.0;server=akswtt111000025;cloudType=Consumer;environment=Prod_southeastasia_prod-s01-065-apac-southeastasia;migrationStage=NotStarted}
{"logTime": "0306/121105", "correlationVector":"lHuIMSPV/yxH/fAcZKnEJG","action":"Commit Request", "result":"", "context":Item count: 1
Contributing types: Sessions}
{"logTime": "0306/121106", "correlationVector":"lHuIMSPV/yxH/fAcZKnEJG.1","action":"SyncServerConnectionManagerRequest", "result":"SYNC_SERVER_OK", "context":{"environment":"Prod_southeastasia_prod-s01-064-apac-southeastasia", "migrationStage":"NotStarted", "server":"akswtt11100001d"}}
{"logTime": "0306/121106", "correlationVector":"lHuIMSPV/yxH/fAcZKnEJG.2","action":"Commit Response", "result":"Success", "context":Result: Success. cV=lHuIMSPV/yxH/fAcZKnEJG.0;server=akswtt11100001d;cloudType=Consumer;environment=Prod_southeastasia_prod-s01-064-apac-southeastasia;migrationStage=NotStarted}
{"logTime": "0306/121757", "correlationVector":"P7jwV7J9ITu4TfjFZGoAu/","action":"Commit Request", "result":"", "context":Item count: 1
Contributing types: Sessions}
{"logTime": "0306/121757", "correlationVector":"P7jwV7J9ITu4TfjFZGoAu/.1","action":"SyncServerConnectionManagerRequest", "result":"SYNC_SERVER_OK", "context":{"environment":"Prod_southeastasia_prod-s01-064-apac-southeastasia", "migrationStage":"NotStarted", "server":"akswtt11100000g"}}
{"logTime": "0306/121757", "correlationVector":"P7jwV7J9ITu4TfjFZGoAu/.2","action":"Commit Response", "result":"Success", "context":Result: Success. cV=P7jwV7J9ITu4TfjFZGoAu/.0;server=akswtt11100000g;cloudType=Consumer;environment=Prod_southeastasia_prod-s01-064-apac-southeastasia;migrationStage=NotStarted}
{"logTime": "0306/122028", "correlationVector":"/Cz0RCYFyl1lYuiz26GEWH","action":"Commit Request", "result":"", "context":Item count: 4
Contributing types: Sessions, History}
{"logTime": "0306/122029", "correlationVector":"/Cz0RCYFyl1lYuiz26GEWH.1","action":"SyncServerConnectionManagerRequest", "result":"SYNC_SERVER_OK", "context":{"environment":"Prod_southeastasia_prod-s01-064-apac-southeastasia", "migrationStage":"NotStarted", "server":"akswtt111000004"}}
{"logTime": "0306/122029", "correlationVector":"/Cz0RCYFyl1lYuiz26GEWH.2","action":"Commit Response", "result":"Success", "context":Result: Success. cV=/Cz0RCYFyl1lYuiz26GEWH.0;server=akswtt111000004;cloudType=Consumer;environment=Prod_southeastasia_prod-s01-064-apac-southeastasia;migrationStage=NotStarted}
{"logTime": "0306/122919", "correlationVector":"NPyfXP07UGPW2JtCxhfKZm","action":"Commit Request", "result":"", "context":Item count: 3
Contributing types: Sessions, History}
{"logTime": "0306/122919", "correlationVector":"NPyfXP07UGPW2JtCxhfKZm.1","action":"SyncServerConnectionManagerRequest", "result":"SYNC_SERVER_OK", "context":{"environment":"Prod_southeastasia_prod-s01-065-apac-southeastasia", "migrationStage":"NotStarted", "server":"akswtt111000023"}}
{"logTime": "0306/122919", "correlationVector":"NPyfXP07UGPW2JtCxhfKZm.2","action":"Commit Response", "result":"Success", "context":Result: Success. cV=NPyfXP07UGPW2JtCxhfKZm.0;server=akswtt111000023;cloudType=Consumer;environment=Prod_southeastasia_prod-s01-065-apac-southeastasia;migrationStage=NotStarted}
{"logTime": "0306/123211", "correlationVector":"Ufy6oC4pNoHYRR8gY9cI3z","action":"Commit Request", "result":"", "context":Item count: 1
Contributing types: Sessions}
{"logTime": "0306/123211", "correlationVector":"Ufy6oC4pNoHYRR8gY9cI3z.1","action":"SyncServerConnectionManagerRequest", "result":"SYNC_SERVER_OK", "context":{"environment":"Prod_southeastasia_prod-s01-065-apac-southeastasia", "migrationStage":"NotStarted", "server":"akswtt11100001h"}}
{"logTime": "0306/123211", "correlationVector":"Ufy6oC4pNoHYRR8gY9cI3z.2","action":"Commit Response", "result":"Success", "context":Result: Success. cV=Ufy6oC4pNoHYRR8gY9cI3z.0;server=akswtt11100001h;cloudType=Consumer;environment=Prod_southeastasia_prod-s01-065-apac-southeastasia;migrationStage=NotStarted}
{"logTime": "0306/123804", "correlationVector":"mkeNfT968yIEsN5z9nwHNQ","action":"Commit Request", "result":"", "context":Item count: 1
Contributing types: Sessions}
{"logTime": "0306/123805", "correlationVector":"mkeNfT968yIEsN5z9nwHNQ.1","action":"SyncServerConnectionManagerRequest", "result":"SYNC_SERVER_OK", "context":{"environment":"Prod_southeastasia_prod-s01-065-apac-southeastasia", "migrationStage":"NotStarted", "server":"akswtt11100001k"}}
{"logTime": "0306/123805", "correlationVector":"mkeNfT968yIEsN5z9nwHNQ.2","action":"Commit Response", "result":"Success", "context":Result: Success. cV=mkeNfT968yIEsN5z9nwHNQ.0;server=akswtt11100001k;cloudType=Consumer;environment=Prod_southeastasia_prod-s01-065-apac-southeastasia;migrationStage=NotStarted}
