2026-03-06 08:33:31.257: [INFO][Sync] Reset engine, reason: 8
2026-03-06 08:33:31.257: [INFO][Sync] Stopped: Bookmarks
2026-03-06 08:33:31.257: [INFO][Sync] Stopped: Preferences
2026-03-06 08:33:31.257: [INFO][Sync] Stopped: Passwords
2026-03-06 08:33:31.257: [INFO][Sync] Stopped: Autofill Profiles
2026-03-06 08:33:31.257: [INFO][Sync] Stopped: Autofill
2026-03-06 08:33:31.257: [INFO][Sync] Stopped: Extensions
2026-03-06 08:33:31.257: [INFO][Sync] Stopped: Sessions
2026-03-06 08:33:31.257: [INFO][Sync] Stopped: Extension settings
2026-03-06 08:33:31.257: [INFO][Sync] Stopped: History Delete Directives
2026-03-06 08:33:31.257: [INFO][Sync] Stopped: Device Info
2026-03-06 08:33:31.257: [INFO][Sync] Stopped: User Consents
2026-03-06 08:33:31.257: [INFO][Sync] Stopped: Send Tab To Self
2026-03-06 08:33:31.257: [INFO][Sync] Stopped: Web Apps
2026-03-06 08:33:31.257: [INFO][Sync] Stopped: History
2026-03-06 08:33:31.257: [INFO][Sync] Stopped: Saved Tab Group
2026-03-06 08:33:31.257: [INFO][Sync] Stopped: WebAuthn Credentials
2026-03-06 08:33:31.257: [INFO][Sync] Stopped: Collection
2026-03-06 08:33:31.257: [INFO][Sync] Stopped: Edge E Drop
2026-03-06 08:33:31.257: [INFO][Sync] Stopped: Edge Hub App Usage
2026-03-06 08:33:31.257: [INFO][Sync] Stopped: Edge Wallet
2026-03-06 08:33:31.257: [INFO][Sync] Stopped: Edge Workspace
2026-03-06 08:33:31.257: [INFO][Sync] SyncState after authenticated was: NotSignedIn
2026-03-06 08:33:31.420: [INFO][Sync] Reset engine, reason: 8
2026-03-06 08:33:31.420: [INFO][Sync] Stopped: Bookmarks
2026-03-06 08:33:31.420: [INFO][Sync] Stopped: Preferences
2026-03-06 08:33:31.420: [INFO][Sync] Stopped: Passwords
2026-03-06 08:33:31.420: [INFO][Sync] Stopped: Autofill Profiles
2026-03-06 08:33:31.420: [INFO][Sync] Stopped: Autofill
2026-03-06 08:33:31.420: [INFO][Sync] Stopped: Extensions
2026-03-06 08:33:31.420: [INFO][Sync] Stopped: Sessions
2026-03-06 08:33:31.420: [INFO][Sync] Stopped: Extension settings
2026-03-06 08:33:31.420: [INFO][Sync] Stopped: History Delete Directives
2026-03-06 08:33:31.420: [INFO][Sync] Stopped: Device Info
2026-03-06 08:33:31.420: [INFO][Sync] Stopped: User Consents
2026-03-06 08:33:31.420: [INFO][Sync] Stopped: Send Tab To Self
2026-03-06 08:33:31.420: [INFO][Sync] Stopped: Web Apps
2026-03-06 08:33:31.420: [INFO][Sync] Stopped: History
2026-03-06 08:33:31.420: [INFO][Sync] Stopped: Saved Tab Group
2026-03-06 08:33:31.420: [INFO][Sync] Stopped: WebAuthn Credentials
2026-03-06 08:33:31.420: [INFO][Sync] Stopped: Collection
2026-03-06 08:33:31.420: [INFO][Sync] Stopped: Edge E Drop
2026-03-06 08:33:31.420: [INFO][Sync] Stopped: Edge Hub App Usage
2026-03-06 08:33:31.420: [INFO][Sync] Stopped: Edge Wallet
2026-03-06 08:33:31.420: [INFO][Sync] Stopped: Edge Workspace
2026-03-06 08:33:32.504: [INFO][Sync] Try to start sync engine
2026-03-06 08:33:32.505: [INFO][SyncManagerImpl::NudgeForInitialDownload] Initial download nudge for Encryption Keys
2026-03-06 08:33:32.505: [INFO][SyncEngineBackend::LoadAndConnectNigoriController] Load and connect Nigori controller
2026-03-06 08:33:32.505: [INFO][SyncEngineBackend::DoInitialize] Control Types added: Encryption Keys
2026-03-06 08:33:32.505: [INFO][SyncManagerImpl::ConfigureSyncer] Types to download: Encryption Keys with reason: 3
2026-03-06 08:33:32.505: [INFO][SyncSchedulerImpl::DoConfigurationSyncCycleJob] Configure job was blocked
2026-03-06 08:33:32.526: [INFO][SyncAuthManager::SetLastAuthError] Current auth error: None
2026-03-06 08:33:32.526: [INFO][SyncAuthManager::EdgeLogTokenErrorState] Token error with: None for account type: MSA
2026-03-06 08:33:32.526: [INFO][Sync] Credentials changed for: EdgeSyncScopeNew
2026-03-06 08:33:32.570: [INFO][SyncAuthManager::SetLastAuthError] Current auth error: None
2026-03-06 08:33:32.570: [INFO][SyncAuthManager::EdgeLogTokenErrorState] Token error with: None for account type: MSA
2026-03-06 08:33:32.570: [INFO][Sync] Credentials changed for: EdgeSyncKeyDataScope
2026-03-06 08:33:32.570: [INFO][SyncEngineBackend::DoUpdateKeyDataCredentials] Update key data credentials
2026-03-06 08:33:32.570: [INFO][SyncEngineBackend::DoUpdateCredentials] Update credentials
2026-03-06 08:33:32.570: [INFO][SyncSchedulerImpl::DoConfigurationSyncCycleJob] Blocked types:  and types to download: Encryption Keys
2026-03-06 08:33:33.281: [INFO][Sync] Started DataTypeManager configuration, reason: 4
2026-03-06 08:33:33.281: [INFO][Sync] Configuring for: Bookmarks, Preferences, Passwords, Autofill Profiles, Autofill, Extensions, Sessions, Extension settings, History Delete Directives, Device Info, User Consents, Send Tab To Self, Web Apps, History, Saved Tab Group, WebAuthn Credentials, Collection, Edge E Drop, Edge Hub App Usage, Edge Wallet, Edge Workspace, Encryption Keys, reason: 3, current state: 0
2026-03-06 08:33:33.281: [WARN][Sync] Crypto error data types: Passwords, Autofill Profiles, Autofill
2026-03-06 08:33:33.283: [INFO][Sync] Configure, desired: Bookmarks, Preferences, Extensions, Sessions, Extension settings, History Delete Directives, Device Info, User Consents, Send Tab To Self, Web Apps, History, Saved Tab Group, WebAuthn Credentials, Collection, Edge E Drop, Edge Hub App Usage, Edge Wallet, Edge Workspace, Encryption Keys; Allow fail: Passwords, Autofill Profiles, Autofill
2026-03-06 08:33:33.283: [INFO][Sync] Loading: Bookmarks
2026-03-06 08:33:33.283: [INFO][Sync] Loading: Preferences
2026-03-06 08:33:33.283: [INFO][Sync] Loading: Extensions
2026-03-06 08:33:33.283: [INFO][Sync] Loading: Sessions
2026-03-06 08:33:33.283: [INFO][Sync] Loading: Extension settings
2026-03-06 08:33:33.283: [INFO][Sync] Loading: History Delete Directives
2026-03-06 08:33:33.283: [INFO][Sync] Loading: Device Info
2026-03-06 08:33:33.283: [INFO][Sync] Loading: User Consents
2026-03-06 08:33:33.283: [INFO][Sync] Loading: Send Tab To Self
2026-03-06 08:33:33.283: [INFO][Sync] Loading: Web Apps
2026-03-06 08:33:33.283: [INFO][Sync] Loading: History
2026-03-06 08:33:33.283: [INFO][Sync] Loading: Saved Tab Group
2026-03-06 08:33:33.283: [INFO][Sync] Loading: WebAuthn Credentials
2026-03-06 08:33:33.283: [INFO][Sync] Loading: Collection
2026-03-06 08:33:33.283: [INFO][Sync] Loading: Edge E Drop
2026-03-06 08:33:33.283: [INFO][Sync] Loading: Edge Hub App Usage
2026-03-06 08:33:33.283: [INFO][Sync] Loading: Edge Wallet
2026-03-06 08:33:33.284: [INFO][Sync] Loading: Edge Workspace
2026-03-06 08:33:33.290: [INFO][Sync] All data types are ready for configure.
2026-03-06 08:33:33.995: [INFO][Sync] Started DataTypeManager configuration, reason: 5
2026-03-06 08:33:33.995: [INFO][Sync] Configuring for: Bookmarks, Preferences, Passwords, Autofill Profiles, Autofill, Extensions, Sessions, Extension settings, History Delete Directives, Device Info, User Consents, Send Tab To Self, Web Apps, History, Saved Tab Group, WebAuthn Credentials, Collection, Edge E Drop, Edge Hub App Usage, Edge Wallet, Edge Workspace, Encryption Keys, reason: 5, current state: 1
2026-03-06 08:33:33.999: [INFO][SyncEngineBackend::DoStartConfiguration] Start configuration
2026-03-06 08:33:33.999: [INFO][SyncManagerImpl::NudgeForInitialDownload] Initial download nudge for Bookmarks
2026-03-06 08:33:33.999: [INFO][SyncManagerImpl::NudgeForInitialDownload] Initial download nudge for Preferences
2026-03-06 08:33:33.999: [INFO][SyncManagerImpl::NudgeForInitialDownload] Initial download nudge for Extensions
2026-03-06 08:33:33.999: [INFO][SyncManagerImpl::NudgeForInitialDownload] Initial download nudge for Sessions
2026-03-06 08:33:33.999: [INFO][SyncManagerImpl::NudgeForInitialDownload] Initial download nudge for Extension settings
2026-03-06 08:33:33.999: [INFO][SyncManagerImpl::NudgeForInitialDownload] Initial download nudge for History Delete Directives
2026-03-06 08:33:33.999: [INFO][SyncManagerImpl::NudgeForInitialDownload] Initial download nudge for Device Info
2026-03-06 08:33:33.999: [INFO][SyncManagerImpl::NudgeForInitialDownload] Initial download nudge for Send Tab To Self
2026-03-06 08:33:33.999: [INFO][SyncManagerImpl::NudgeForInitialDownload] Initial download nudge for Web Apps
2026-03-06 08:33:33.999: [INFO][SyncManagerImpl::NudgeForInitialDownload] Initial download nudge for History
2026-03-06 08:33:34.000: [INFO][SyncManagerImpl::NudgeForInitialDownload] Initial download nudge for Saved Tab Group
2026-03-06 08:33:34.000: [INFO][SyncManagerImpl::NudgeForInitialDownload] Initial download nudge for WebAuthn Credentials
2026-03-06 08:33:34.000: [INFO][SyncManagerImpl::NudgeForInitialDownload] Initial download nudge for Collection
2026-03-06 08:33:34.000: [INFO][SyncManagerImpl::NudgeForInitialDownload] Initial download nudge for Edge E Drop
2026-03-06 08:33:34.000: [INFO][SyncManagerImpl::NudgeForInitialDownload] Initial download nudge for Edge Hub App Usage
2026-03-06 08:33:34.000: [INFO][SyncManagerImpl::NudgeForInitialDownload] Initial download nudge for Edge Wallet
2026-03-06 08:33:34.000: [INFO][SyncManagerImpl::NudgeForInitialDownload] Initial download nudge for Edge Workspace
2026-03-06 08:33:34.000: [INFO][SyncManagerImpl::ConfigureSyncer] Types to download:  with reason: 3
2026-03-06 08:33:34.000: [INFO][SyncEngineBackend::DoFinishConfigureDataTypes] Failed to download types:  and succeeded types: 
2026-03-06 08:33:34.003: [INFO][Sync] ConfigurationDone, failed: , succeeded: , remaining count: 4
2026-03-06 08:33:34.003: [WARN][Sync]     Reconfigure requested while configuration ongoing.
2026-03-06 08:33:34.003: [INFO][Sync] Configuring for: Bookmarks, Preferences, Passwords, Autofill Profiles, Autofill, Extensions, Sessions, Extension settings, History Delete Directives, Device Info, User Consents, Send Tab To Self, Web Apps, History, Saved Tab Group, WebAuthn Credentials, Collection, Edge E Drop, Edge Hub App Usage, Edge Wallet, Edge Workspace, Encryption Keys, reason: 5, current state: 2
2026-03-06 08:33:34.003: [INFO][Sync] Configure, desired: Bookmarks, Preferences, Passwords, Autofill Profiles, Autofill, Extensions, Sessions, Extension settings, History Delete Directives, Device Info, User Consents, Send Tab To Self, Web Apps, History, Saved Tab Group, WebAuthn Credentials, Collection, Edge E Drop, Edge Hub App Usage, Edge Wallet, Edge Workspace, Encryption Keys; Allow fail: 
2026-03-06 08:33:34.003: [INFO][Sync] Loading: Passwords
2026-03-06 08:33:34.003: [INFO][Sync] Loading: Autofill Profiles
2026-03-06 08:33:34.003: [INFO][Sync] Loading: Autofill
2026-03-06 08:33:34.003: [INFO][Sync] All data types are ready for configure.
2026-03-06 08:33:34.003: [INFO][SyncManagerImpl::NudgeForInitialDownload] Initial download nudge for Passwords
2026-03-06 08:33:34.003: [INFO][SyncManagerImpl::NudgeForInitialDownload] Initial download nudge for Autofill Profiles
2026-03-06 08:33:34.003: [INFO][SyncManagerImpl::NudgeForInitialDownload] Initial download nudge for Autofill
2026-03-06 08:33:34.003: [INFO][SyncManagerImpl::ConfigureSyncer] Types to download:  with reason: 5
2026-03-06 08:33:34.003: [INFO][SyncEngineBackend::DoFinishConfigureDataTypes] Failed to download types:  and succeeded types: 
2026-03-06 08:33:34.003: [INFO][Sync] ConfigurationDone, failed: , succeeded: , remaining count: 4
2026-03-06 08:33:34.003: [INFO][Sync] Prepare to configure types: Preferences, Passwords, Device Info, Send Tab To Self, Edge E Drop, Encryption Keys
2026-03-06 08:33:34.003: [INFO][SyncManagerImpl::ConfigureSyncer] Types to download: Preferences, Passwords, Device Info, Send Tab To Self, Edge E Drop, Encryption Keys with reason: 5
2026-03-06 08:33:34.003: [INFO][SyncSchedulerImpl::DoConfigurationSyncCycleJob] Blocked types:  and types to download: Preferences, Passwords, Device Info, Send Tab To Self, Edge E Drop, Encryption Keys
2026-03-06 08:33:36.788: [INFO][SyncEngineBackend::DoFinishConfigureDataTypes] Failed to download types:  and succeeded types: Preferences, Passwords, Device Info, Send Tab To Self, Edge E Drop, Encryption Keys
2026-03-06 08:33:36.796: [INFO][Sync] ConfigurationDone, failed: , succeeded: Preferences, Passwords, Device Info, Send Tab To Self, Edge E Drop, Encryption Keys, remaining count: 3
2026-03-06 08:33:36.796: [INFO][Sync] Prepare to configure types: Bookmarks, Encryption Keys
2026-03-06 08:33:36.797: [INFO][SyncManagerImpl::ConfigureSyncer] Types to download: Bookmarks, Encryption Keys with reason: 5
2026-03-06 08:33:36.797: [INFO][SyncSchedulerImpl::DoConfigurationSyncCycleJob] Blocked types:  and types to download: Bookmarks, Encryption Keys
2026-03-06 08:33:37.244: [INFO][SyncEngineBackend::DoFinishConfigureDataTypes] Failed to download types:  and succeeded types: Bookmarks, Encryption Keys
2026-03-06 08:33:37.251: [INFO][Sync] ConfigurationDone, failed: , succeeded: Bookmarks, Encryption Keys, remaining count: 2
2026-03-06 08:33:37.251: [INFO][Sync] Prepare to configure types: Autofill Profiles, Autofill, Extensions, Sessions, Extension settings, History Delete Directives, Web Apps, Saved Tab Group, WebAuthn Credentials, Collection, Edge Hub App Usage, Edge Wallet, Edge Workspace, Encryption Keys
2026-03-06 08:33:37.251: [INFO][SyncManagerImpl::ConfigureSyncer] Types to download: Autofill Profiles, Autofill, Extensions, Sessions, Extension settings, History Delete Directives, Web Apps, Saved Tab Group, WebAuthn Credentials, Collection, Edge Hub App Usage, Edge Wallet, Edge Workspace, Encryption Keys with reason: 5
2026-03-06 08:33:37.251: [INFO][SyncSchedulerImpl::DoConfigurationSyncCycleJob] Blocked types:  and types to download: Autofill Profiles, Autofill, Extensions, Sessions, Extension settings, History Delete Directives, Web Apps, Saved Tab Group, WebAuthn Credentials, Collection, Edge Hub App Usage, Edge Wallet, Edge Workspace, Encryption Keys
2026-03-06 08:33:49.575: [INFO][SyncEngineBackend::DoFinishConfigureDataTypes] Failed to download types:  and succeeded types: Autofill Profiles, Autofill, Extensions, Sessions, Extension settings, History Delete Directives, Web Apps, Saved Tab Group, WebAuthn Credentials, Collection, Edge Hub App Usage, Edge Wallet, Edge Workspace, Encryption Keys
2026-03-06 08:33:49.582: [INFO][Sync] ConfigurationDone, failed: , succeeded: Autofill Profiles, Autofill, Extensions, Sessions, Extension settings, History Delete Directives, Web Apps, Saved Tab Group, WebAuthn Credentials, Collection, Edge Hub App Usage, Edge Wallet, Edge Workspace, Encryption Keys, remaining count: 1
2026-03-06 08:33:49.584: [INFO][Sync] Prepare to configure types: History, Encryption Keys
2026-03-06 08:33:49.584: [INFO][SyncManagerImpl::ConfigureSyncer] Types to download: History, Encryption Keys with reason: 5
2026-03-06 08:33:49.584: [INFO][SyncSchedulerImpl::DoConfigurationSyncCycleJob] Blocked types:  and types to download: History, Encryption Keys
2026-03-06 08:34:07.382: [INFO][SyncEngineBackend::DoFinishConfigureDataTypes] Failed to download types:  and succeeded types: History, Encryption Keys
2026-03-06 08:34:07.388: [INFO][Sync] ConfigurationDone, failed: , succeeded: History, Encryption Keys, remaining count: 0
2026-03-06 08:34:07.394: [INFO][Sync]     Configuration completed, state: 7
2026-03-06 08:34:07.394: [INFO][Sync] Configured DataTypeManager: Ok
2026-03-06 08:34:07.400: [INFO][SyncEngineBackend::DoStartSyncing] Start syncing
2026-03-06 08:49:11.186: [INFO][SyncSchedulerImpl::OnSyncNetworkError] Syncer error: Network error (ERR_CONNECTION_RESET)
2026-03-06 08:49:11.187: [INFO][SyncSchedulerImpl::DoNudgeSyncCycleJob] Syncer error: Network error (ERR_CONNECTION_RESET)
2026-03-06 08:49:11.192: [WARN][Sync] NetworkError: Network error (ERR_CONNECTION_RESET)
2026-03-06 09:12:18.709: [INFO][SyncSchedulerImpl::OnSyncNetworkError] Syncer error: Network error (ERR_CONNECTION_RESET)
2026-03-06 09:12:18.710: [INFO][SyncSchedulerImpl::DoNudgeSyncCycleJob] Syncer error: Network error (ERR_CONNECTION_RESET)
2026-03-06 09:12:18.715: [WARN][Sync] NetworkError: Network error (ERR_CONNECTION_RESET)
2026-03-06 09:12:21.404: [INFO][SyncSchedulerImpl::OnSyncNetworkError] Syncer error: Network error (ERR_CONNECTION_RESET)
2026-03-06 09:12:21.404: [INFO][SyncSchedulerImpl::DoNudgeSyncCycleJob] Syncer error: Network error (ERR_CONNECTION_RESET)
2026-03-06 09:12:21.409: [WARN][Sync] NetworkError: Network error (ERR_CONNECTION_RESET)
2026-03-06 09:12:27.870: [INFO][SyncSchedulerImpl::OnSyncNetworkError] Syncer error: Network error (ERR_CONNECTION_RESET)
2026-03-06 09:12:27.870: [INFO][SyncSchedulerImpl::DoNudgeSyncCycleJob] Syncer error: Network error (ERR_CONNECTION_RESET)
2026-03-06 09:12:27.876: [WARN][Sync] NetworkError: Network error (ERR_CONNECTION_RESET)
2026-03-06 09:12:43.688: [INFO][SyncSchedulerImpl::OnSyncNetworkError] Syncer error: Network error (ERR_CONNECTION_RESET)
2026-03-06 09:12:43.688: [INFO][SyncSchedulerImpl::DoNudgeSyncCycleJob] Syncer error: Network error (ERR_CONNECTION_RESET)
2026-03-06 09:12:43.694: [WARN][Sync] NetworkError: Network error (ERR_CONNECTION_RESET)
2026-03-06 09:13:07.320: [INFO][SyncSchedulerImpl::OnSyncNetworkError] Syncer error: Network error (ERR_CONNECTION_RESET)
2026-03-06 09:13:07.320: [INFO][SyncSchedulerImpl::DoNudgeSyncCycleJob] Syncer error: Network error (ERR_CONNECTION_RESET)
2026-03-06 09:13:07.326: [WARN][Sync] NetworkError: Network error (ERR_CONNECTION_RESET)
2026-03-06 09:19:34.816: [INFO][SyncSchedulerImpl::OnSyncNetworkError] Syncer error: Network error (ERR_CONNECTION_RESET)
2026-03-06 09:19:34.816: [INFO][Commit::ReportFullCommitFailure] Commit Sessions, History failed with error: NetworkError
2026-03-06 09:19:34.816: [INFO][SyncSchedulerImpl::DoNudgeSyncCycleJob] Syncer error: Network error (ERR_CONNECTION_RESET)
2026-03-06 09:19:34.822: [WARN][Sync] NetworkError: Network error (ERR_CONNECTION_RESET)
2026-03-06 09:19:37.508: [INFO][SyncSchedulerImpl::OnSyncNetworkError] Syncer error: Network error (ERR_CONNECTION_RESET)
2026-03-06 09:19:37.509: [INFO][Commit::ReportFullCommitFailure] Commit Sessions, History failed with error: NetworkError
2026-03-06 09:19:37.509: [INFO][SyncSchedulerImpl::DoNudgeSyncCycleJob] Syncer error: Network error (ERR_CONNECTION_RESET)
2026-03-06 09:19:37.514: [WARN][Sync] NetworkError: Network error (ERR_CONNECTION_RESET)
2026-03-06 09:19:43.964: [INFO][SyncSchedulerImpl::OnSyncNetworkError] Syncer error: Network error (ERR_CONNECTION_RESET)
2026-03-06 09:19:43.964: [INFO][Commit::ReportFullCommitFailure] Commit Sessions, History failed with error: NetworkError
2026-03-06 09:19:43.964: [INFO][SyncSchedulerImpl::DoNudgeSyncCycleJob] Syncer error: Network error (ERR_CONNECTION_RESET)
2026-03-06 09:19:43.970: [WARN][Sync] NetworkError: Network error (ERR_CONNECTION_RESET)
2026-03-06 09:30:30.632: [INFO][SyncSchedulerImpl::OnSyncNetworkError] Syncer error: Network error (ERR_CONNECTION_RESET)
2026-03-06 09:30:30.632: [INFO][Commit::ReportFullCommitFailure] Commit Sessions, History failed with error: NetworkError
2026-03-06 09:30:30.632: [INFO][SyncSchedulerImpl::DoNudgeSyncCycleJob] Syncer error: Network error (ERR_CONNECTION_RESET)
2026-03-06 09:30:30.638: [WARN][Sync] NetworkError: Network error (ERR_CONNECTION_RESET)
2026-03-06 09:30:33.327: [INFO][SyncSchedulerImpl::OnSyncNetworkError] Syncer error: Network error (ERR_CONNECTION_RESET)
2026-03-06 09:30:33.327: [INFO][Commit::ReportFullCommitFailure] Commit Sessions, History failed with error: NetworkError
2026-03-06 09:30:33.327: [INFO][SyncSchedulerImpl::DoNudgeSyncCycleJob] Syncer error: Network error (ERR_CONNECTION_RESET)
2026-03-06 09:30:33.332: [WARN][Sync] NetworkError: Network error (ERR_CONNECTION_RESET)
2026-03-06 09:30:37.266: [INFO][SyncSchedulerImpl::OnSyncNetworkError] Syncer error: Network error (ERR_CONNECTION_RESET)
2026-03-06 09:30:37.266: [INFO][Commit::ReportFullCommitFailure] Commit Sessions, History failed with error: NetworkError
2026-03-06 09:30:37.266: [INFO][SyncSchedulerImpl::DoNudgeSyncCycleJob] Syncer error: Network error (ERR_CONNECTION_RESET)
2026-03-06 09:30:37.272: [WARN][Sync] NetworkError: Network error (ERR_CONNECTION_RESET)
2026-03-06 09:30:46.850: [INFO][SyncSchedulerImpl::OnSyncNetworkError] Syncer error: Network error (ERR_CONNECTION_RESET)
2026-03-06 09:30:46.850: [INFO][Commit::ReportFullCommitFailure] Commit Sessions, History failed with error: NetworkError
2026-03-06 09:30:46.850: [INFO][SyncSchedulerImpl::DoNudgeSyncCycleJob] Syncer error: Network error (ERR_CONNECTION_RESET)
2026-03-06 09:30:46.855: [WARN][Sync] NetworkError: Network error (ERR_CONNECTION_RESET)
2026-03-06 09:31:01.108: [INFO][SyncSchedulerImpl::OnSyncNetworkError] Syncer error: Network error (ERR_CONNECTION_RESET)
2026-03-06 09:31:01.108: [INFO][Commit::ReportFullCommitFailure] Commit Sessions, History failed with error: NetworkError
2026-03-06 09:31:01.108: [INFO][SyncSchedulerImpl::DoNudgeSyncCycleJob] Syncer error: Network error (ERR_CONNECTION_RESET)
2026-03-06 09:31:01.113: [WARN][Sync] NetworkError: Network error (ERR_CONNECTION_RESET)
2026-03-06 09:41:38.708: [INFO][SyncSchedulerImpl::OnSyncNetworkError] Syncer error: Network error (ERR_CONNECTION_RESET)
2026-03-06 09:41:38.708: [INFO][Commit::ReportFullCommitFailure] Commit Sessions, History failed with error: NetworkError
2026-03-06 09:41:38.708: [INFO][SyncSchedulerImpl::DoNudgeSyncCycleJob] Syncer error: Network error (ERR_CONNECTION_RESET)
2026-03-06 09:41:38.713: [WARN][Sync] NetworkError: Network error (ERR_CONNECTION_RESET)
2026-03-06 09:41:40.404: [INFO][SyncSchedulerImpl::OnSyncNetworkError] Syncer error: Network error (ERR_CONNECTION_RESET)
2026-03-06 09:41:40.404: [INFO][Commit::ReportFullCommitFailure] Commit Sessions, History failed with error: NetworkError
2026-03-06 09:41:40.404: [INFO][SyncSchedulerImpl::DoNudgeSyncCycleJob] Syncer error: Network error (ERR_CONNECTION_RESET)
2026-03-06 09:41:40.409: [WARN][Sync] NetworkError: Network error (ERR_CONNECTION_RESET)
2026-03-06 09:41:42.857: [INFO][SyncSchedulerImpl::OnSyncNetworkError] Syncer error: Network error (ERR_CONNECTION_RESET)
2026-03-06 09:41:42.857: [INFO][Commit::ReportFullCommitFailure] Commit Sessions, History failed with error: NetworkError
2026-03-06 09:41:42.857: [INFO][SyncSchedulerImpl::DoNudgeSyncCycleJob] Syncer error: Network error (ERR_CONNECTION_RESET)
2026-03-06 09:41:42.862: [WARN][Sync] NetworkError: Network error (ERR_CONNECTION_RESET)
2026-03-06 09:46:00.863: [INFO][SyncSchedulerImpl::OnSyncNetworkError] Syncer error: Network error (ERR_CONNECTION_RESET)
2026-03-06 09:46:00.863: [INFO][Commit::ReportFullCommitFailure] Commit Sessions, History failed with error: NetworkError
2026-03-06 09:46:00.863: [INFO][SyncSchedulerImpl::DoNudgeSyncCycleJob] Syncer error: Network error (ERR_CONNECTION_RESET)
2026-03-06 09:46:00.869: [WARN][Sync] NetworkError: Network error (ERR_CONNECTION_RESET)
2026-03-06 09:52:26.109: [INFO][SyncSchedulerImpl::OnSyncNetworkError] Syncer error: Network error (ERR_CONNECTION_RESET)
2026-03-06 09:52:26.109: [INFO][Commit::ReportFullCommitFailure] Commit Sessions failed with error: NetworkError
2026-03-06 09:52:26.109: [INFO][SyncSchedulerImpl::DoNudgeSyncCycleJob] Syncer error: Network error (ERR_CONNECTION_RESET)
2026-03-06 09:52:26.116: [WARN][Sync] NetworkError: Network error (ERR_CONNECTION_RESET)
2026-03-06 09:52:28.820: [INFO][SyncSchedulerImpl::OnSyncNetworkError] Syncer error: Network error (ERR_CONNECTION_RESET)
2026-03-06 09:52:28.820: [INFO][Commit::ReportFullCommitFailure] Commit Sessions failed with error: NetworkError
2026-03-06 09:52:28.820: [INFO][SyncSchedulerImpl::DoNudgeSyncCycleJob] Syncer error: Network error (ERR_CONNECTION_RESET)
2026-03-06 09:52:28.826: [WARN][Sync] NetworkError: Network error (ERR_CONNECTION_RESET)
2026-03-06 09:52:35.269: [INFO][SyncSchedulerImpl::OnSyncNetworkError] Syncer error: Network error (ERR_CONNECTION_RESET)
2026-03-06 09:52:35.269: [INFO][Commit::ReportFullCommitFailure] Commit Sessions failed with error: NetworkError
2026-03-06 09:52:35.269: [INFO][SyncSchedulerImpl::DoNudgeSyncCycleJob] Syncer error: Network error (ERR_CONNECTION_RESET)
2026-03-06 09:52:35.275: [WARN][Sync] NetworkError: Network error (ERR_CONNECTION_RESET)
2026-03-06 09:52:44.845: [INFO][SyncSchedulerImpl::OnSyncNetworkError] Syncer error: Network error (ERR_CONNECTION_RESET)
2026-03-06 09:52:44.845: [INFO][Commit::ReportFullCommitFailure] Commit Sessions failed with error: NetworkError
2026-03-06 09:52:44.845: [INFO][SyncSchedulerImpl::DoNudgeSyncCycleJob] Syncer error: Network error (ERR_CONNECTION_RESET)
2026-03-06 09:52:44.851: [WARN][Sync] NetworkError: Network error (ERR_CONNECTION_RESET)
2026-03-06 09:57:33.842: [INFO][SyncSchedulerImpl::OnSyncNetworkError] Syncer error: Network error (ERR_CONNECTION_RESET)
2026-03-06 09:57:33.842: [INFO][Commit::ReportFullCommitFailure] Commit Sessions, History failed with error: NetworkError
2026-03-06 09:57:33.842: [INFO][SyncSchedulerImpl::DoNudgeSyncCycleJob] Syncer error: Network error (ERR_CONNECTION_RESET)
2026-03-06 09:57:33.848: [WARN][Sync] NetworkError: Network error (ERR_CONNECTION_RESET)
2026-03-06 09:57:35.544: [INFO][SyncSchedulerImpl::OnSyncNetworkError] Syncer error: Network error (ERR_CONNECTION_RESET)
2026-03-06 09:57:35.544: [INFO][Commit::ReportFullCommitFailure] Commit Sessions, History failed with error: NetworkError
2026-03-06 09:57:35.544: [INFO][SyncSchedulerImpl::DoNudgeSyncCycleJob] Syncer error: Network error (ERR_CONNECTION_RESET)
2026-03-06 09:57:35.551: [WARN][Sync] NetworkError: Network error (ERR_CONNECTION_RESET)
2026-03-06 09:57:39.495: [INFO][SyncSchedulerImpl::OnSyncNetworkError] Syncer error: Network error (ERR_CONNECTION_RESET)
2026-03-06 09:57:39.495: [INFO][Commit::ReportFullCommitFailure] Commit Sessions, History failed with error: NetworkError
2026-03-06 09:57:39.496: [INFO][SyncSchedulerImpl::DoNudgeSyncCycleJob] Syncer error: Network error (ERR_CONNECTION_RESET)
2026-03-06 09:57:39.501: [WARN][Sync] NetworkError: Network error (ERR_CONNECTION_RESET)
2026-03-06 10:17:23.857: [INFO][SyncSchedulerImpl::OnSyncNetworkError] Syncer error: Network error (ERR_CONNECTION_RESET)
2026-03-06 10:17:23.857: [INFO][Commit::ReportFullCommitFailure] Commit Sessions, History failed with error: NetworkError
2026-03-06 10:17:23.857: [INFO][SyncSchedulerImpl::DoNudgeSyncCycleJob] Syncer error: Network error (ERR_CONNECTION_RESET)
2026-03-06 10:17:23.862: [WARN][Sync] NetworkError: Network error (ERR_CONNECTION_RESET)
2026-03-06 10:17:26.554: [INFO][SyncSchedulerImpl::OnSyncNetworkError] Syncer error: Network error (ERR_CONNECTION_RESET)
2026-03-06 10:17:26.554: [INFO][Commit::ReportFullCommitFailure] Commit Sessions, History failed with error: NetworkError
2026-03-06 10:17:26.554: [INFO][SyncSchedulerImpl::DoNudgeSyncCycleJob] Syncer error: Network error (ERR_CONNECTION_RESET)
2026-03-06 10:17:26.560: [WARN][Sync] NetworkError: Network error (ERR_CONNECTION_RESET)
2026-03-06 10:17:32.995: [INFO][SyncSchedulerImpl::OnSyncNetworkError] Syncer error: Network error (ERR_CONNECTION_RESET)
2026-03-06 10:17:32.995: [INFO][Commit::ReportFullCommitFailure] Commit Sessions, History failed with error: NetworkError
2026-03-06 10:17:32.995: [INFO][SyncSchedulerImpl::DoNudgeSyncCycleJob] Syncer error: Network error (ERR_CONNECTION_RESET)
2026-03-06 10:17:33.000: [WARN][Sync] NetworkError: Network error (ERR_CONNECTION_RESET)
2026-03-06 10:17:42.575: [INFO][SyncSchedulerImpl::OnSyncNetworkError] Syncer error: Network error (ERR_CONNECTION_RESET)
2026-03-06 10:17:42.576: [INFO][Commit::ReportFullCommitFailure] Commit Sessions, History failed with error: NetworkError
2026-03-06 10:17:42.576: [INFO][SyncSchedulerImpl::DoNudgeSyncCycleJob] Syncer error: Network error (ERR_CONNECTION_RESET)
2026-03-06 10:17:42.581: [WARN][Sync] NetworkError: Network error (ERR_CONNECTION_RESET)
2026-03-06 10:17:56.833: [INFO][SyncSchedulerImpl::OnSyncNetworkError] Syncer error: Network error (ERR_CONNECTION_RESET)
2026-03-06 10:17:56.833: [INFO][Commit::ReportFullCommitFailure] Commit Sessions, History failed with error: NetworkError
2026-03-06 10:17:56.833: [INFO][SyncSchedulerImpl::DoNudgeSyncCycleJob] Syncer error: Network error (ERR_CONNECTION_RESET)
2026-03-06 10:17:56.839: [WARN][Sync] NetworkError: Network error (ERR_CONNECTION_RESET)
2026-03-06 10:38:05.236: [INFO][Sync] Reset engine, reason: 0
2026-03-06 10:38:05.236: [INFO][Sync] Reset engine with reason: 0
2026-03-06 11:47:47.440: [INFO][Sync] Reset engine, reason: 8
2026-03-06 11:47:47.440: [INFO][Sync] Stopped: Bookmarks
2026-03-06 11:47:47.440: [INFO][Sync] Stopped: Preferences
2026-03-06 11:47:47.440: [INFO][Sync] Stopped: Passwords
2026-03-06 11:47:47.440: [INFO][Sync] Stopped: Autofill Profiles
2026-03-06 11:47:47.440: [INFO][Sync] Stopped: Autofill
2026-03-06 11:47:47.440: [INFO][Sync] Stopped: Extensions
2026-03-06 11:47:47.440: [INFO][Sync] Stopped: Sessions
2026-03-06 11:47:47.440: [INFO][Sync] Stopped: Extension settings
2026-03-06 11:47:47.440: [INFO][Sync] Stopped: History Delete Directives
2026-03-06 11:47:47.440: [INFO][Sync] Stopped: Device Info
2026-03-06 11:47:47.440: [INFO][Sync] Stopped: User Consents
2026-03-06 11:47:47.440: [INFO][Sync] Stopped: Send Tab To Self
2026-03-06 11:47:47.440: [INFO][Sync] Stopped: Web Apps
2026-03-06 11:47:47.440: [INFO][Sync] Stopped: History
2026-03-06 11:47:47.440: [INFO][Sync] Stopped: Saved Tab Group
2026-03-06 11:47:47.440: [INFO][Sync] Stopped: WebAuthn Credentials
2026-03-06 11:47:47.440: [INFO][Sync] Stopped: Collection
2026-03-06 11:47:47.440: [INFO][Sync] Stopped: Edge E Drop
2026-03-06 11:47:47.440: [INFO][Sync] Stopped: Edge Hub App Usage
2026-03-06 11:47:47.440: [INFO][Sync] Stopped: Edge Wallet
2026-03-06 11:47:47.440: [INFO][Sync] Stopped: Edge Workspace
2026-03-06 11:47:47.440: [INFO][Sync] SyncState after authenticated was: NotSignedIn
2026-03-06 11:47:47.617: [INFO][Sync] Reset engine, reason: 8
2026-03-06 11:47:47.617: [INFO][Sync] Stopped: Bookmarks
2026-03-06 11:47:47.617: [INFO][Sync] Stopped: Preferences
2026-03-06 11:47:47.617: [INFO][Sync] Stopped: Passwords
2026-03-06 11:47:47.617: [INFO][Sync] Stopped: Autofill Profiles
2026-03-06 11:47:47.617: [INFO][Sync] Stopped: Autofill
2026-03-06 11:47:47.617: [INFO][Sync] Stopped: Extensions
2026-03-06 11:47:47.617: [INFO][Sync] Stopped: Sessions
2026-03-06 11:47:47.617: [INFO][Sync] Stopped: Extension settings
2026-03-06 11:47:47.617: [INFO][Sync] Stopped: History Delete Directives
2026-03-06 11:47:47.617: [INFO][Sync] Stopped: Device Info
2026-03-06 11:47:47.617: [INFO][Sync] Stopped: User Consents
2026-03-06 11:47:47.617: [INFO][Sync] Stopped: Send Tab To Self
2026-03-06 11:47:47.617: [INFO][Sync] Stopped: Web Apps
2026-03-06 11:47:47.617: [INFO][Sync] Stopped: History
2026-03-06 11:47:47.617: [INFO][Sync] Stopped: Saved Tab Group
2026-03-06 11:47:47.617: [INFO][Sync] Stopped: WebAuthn Credentials
2026-03-06 11:47:47.617: [INFO][Sync] Stopped: Collection
2026-03-06 11:47:47.617: [INFO][Sync] Stopped: Edge E Drop
2026-03-06 11:47:47.617: [INFO][Sync] Stopped: Edge Hub App Usage
2026-03-06 11:47:47.617: [INFO][Sync] Stopped: Edge Wallet
2026-03-06 11:47:47.617: [INFO][Sync] Stopped: Edge Workspace
2026-03-06 11:47:49.915: [INFO][Sync] Try to start sync engine
2026-03-06 11:47:49.916: [INFO][SyncManagerImpl::NudgeForInitialDownload] Initial download nudge for Encryption Keys
2026-03-06 11:47:49.916: [INFO][SyncEngineBackend::LoadAndConnectNigoriController] Load and connect Nigori controller
2026-03-06 11:47:49.916: [INFO][SyncEngineBackend::DoInitialize] Control Types added: Encryption Keys
2026-03-06 11:47:49.916: [INFO][SyncManagerImpl::ConfigureSyncer] Types to download: Encryption Keys with reason: 3
2026-03-06 11:47:49.916: [INFO][SyncSchedulerImpl::DoConfigurationSyncCycleJob] Configure job was blocked
2026-03-06 11:47:49.967: [INFO][SyncAuthManager::SetLastAuthError] Current auth error: None
2026-03-06 11:47:49.967: [INFO][SyncAuthManager::EdgeLogTokenErrorState] Token error with: None for account type: MSA
2026-03-06 11:47:49.967: [INFO][Sync] Credentials changed for: EdgeSyncScopeNew
2026-03-06 11:47:50.585: [INFO][SyncAuthManager::SetLastAuthError] Current auth error: None
2026-03-06 11:47:50.585: [INFO][SyncAuthManager::EdgeLogTokenErrorState] Token error with: None for account type: MSA
2026-03-06 11:47:50.585: [INFO][Sync] Credentials changed for: EdgeSyncKeyDataScope
2026-03-06 11:47:50.585: [INFO][SyncEngineBackend::DoUpdateKeyDataCredentials] Update key data credentials
2026-03-06 11:47:50.585: [INFO][SyncEngineBackend::DoUpdateCredentials] Update credentials
2026-03-06 11:47:50.585: [INFO][SyncSchedulerImpl::DoConfigurationSyncCycleJob] Blocked types:  and types to download: Encryption Keys
2026-03-06 11:47:51.340: [INFO][Sync] Started DataTypeManager configuration, reason: 4
2026-03-06 11:47:51.340: [INFO][Sync] Configuring for: Bookmarks, Preferences, Passwords, Autofill Profiles, Autofill, Extensions, Sessions, Extension settings, History Delete Directives, Device Info, User Consents, Send Tab To Self, Web Apps, History, Saved Tab Group, WebAuthn Credentials, Collection, Edge E Drop, Edge Hub App Usage, Edge Wallet, Edge Workspace, Encryption Keys, reason: 4, current state: 0
2026-03-06 11:47:51.340: [WARN][Sync] Crypto error data types: Passwords, Autofill Profiles, Autofill
2026-03-06 11:47:51.347: [INFO][Sync] Configure, desired: Bookmarks, Preferences, Extensions, Sessions, Extension settings, History Delete Directives, Device Info, User Consents, Send Tab To Self, Web Apps, History, Saved Tab Group, WebAuthn Credentials, Collection, Edge E Drop, Edge Hub App Usage, Edge Wallet, Edge Workspace, Encryption Keys; Allow fail: Passwords, Autofill Profiles, Autofill
2026-03-06 11:47:51.347: [INFO][Sync] Loading: Bookmarks
2026-03-06 11:47:51.347: [INFO][Sync] Loading: Preferences
2026-03-06 11:47:51.347: [INFO][Sync] Loading: Extensions
2026-03-06 11:47:51.347: [INFO][Sync] Loading: Sessions
2026-03-06 11:47:51.347: [INFO][Sync] Loading: Extension settings
2026-03-06 11:47:51.347: [INFO][Sync] Loading: History Delete Directives
2026-03-06 11:47:51.347: [INFO][Sync] Loading: Device Info
2026-03-06 11:47:51.347: [INFO][Sync] Loading: User Consents
2026-03-06 11:47:51.347: [INFO][Sync] Loading: Send Tab To Self
2026-03-06 11:47:51.347: [INFO][Sync] Loading: Web Apps
2026-03-06 11:47:51.347: [INFO][Sync] Loading: History
2026-03-06 11:47:51.347: [INFO][Sync] Loading: Saved Tab Group
2026-03-06 11:47:51.347: [INFO][Sync] Loading: WebAuthn Credentials
2026-03-06 11:47:51.347: [INFO][Sync] Loading: Collection
2026-03-06 11:47:51.347: [INFO][Sync] Loading: Edge E Drop
2026-03-06 11:47:51.347: [INFO][Sync] Loading: Edge Hub App Usage
2026-03-06 11:47:51.347: [INFO][Sync] Loading: Edge Wallet
2026-03-06 11:47:51.347: [INFO][Sync] Loading: Edge Workspace
2026-03-06 11:47:51.360: [INFO][Sync] All data types are ready for configure.
2026-03-06 11:47:52.043: [INFO][Sync] Started DataTypeManager configuration, reason: 5
2026-03-06 11:47:52.043: [INFO][Sync] Configuring for: Bookmarks, Preferences, Passwords, Autofill Profiles, Autofill, Extensions, Sessions, Extension settings, History Delete Directives, Device Info, User Consents, Send Tab To Self, Web Apps, History, Saved Tab Group, WebAuthn Credentials, Collection, Edge E Drop, Edge Hub App Usage, Edge Wallet, Edge Workspace, Encryption Keys, reason: 5, current state: 1
2026-03-06 11:47:52.045: [INFO][SyncEngineBackend::DoStartConfiguration] Start configuration
2026-03-06 11:47:52.045: [INFO][SyncManagerImpl::NudgeForInitialDownload] Initial download nudge for Bookmarks
2026-03-06 11:47:52.045: [INFO][SyncManagerImpl::NudgeForInitialDownload] Initial download nudge for Preferences
2026-03-06 11:47:52.045: [INFO][SyncManagerImpl::NudgeForInitialDownload] Initial download nudge for Extensions
2026-03-06 11:47:52.045: [INFO][SyncManagerImpl::NudgeForInitialDownload] Initial download nudge for Sessions
2026-03-06 11:47:52.045: [INFO][SyncManagerImpl::NudgeForInitialDownload] Initial download nudge for Extension settings
2026-03-06 11:47:52.045: [INFO][SyncManagerImpl::NudgeForInitialDownload] Initial download nudge for History Delete Directives
2026-03-06 11:47:52.045: [INFO][SyncManagerImpl::NudgeForInitialDownload] Initial download nudge for Device Info
2026-03-06 11:47:52.045: [INFO][SyncManagerImpl::NudgeForInitialDownload] Initial download nudge for Send Tab To Self
2026-03-06 11:47:52.045: [INFO][SyncManagerImpl::NudgeForInitialDownload] Initial download nudge for Web Apps
2026-03-06 11:47:52.045: [INFO][SyncManagerImpl::NudgeForInitialDownload] Initial download nudge for History
2026-03-06 11:47:52.045: [INFO][SyncManagerImpl::NudgeForInitialDownload] Initial download nudge for Saved Tab Group
2026-03-06 11:47:52.045: [INFO][SyncManagerImpl::NudgeForInitialDownload] Initial download nudge for WebAuthn Credentials
2026-03-06 11:47:52.045: [INFO][SyncManagerImpl::NudgeForInitialDownload] Initial download nudge for Collection
2026-03-06 11:47:52.045: [INFO][SyncManagerImpl::NudgeForInitialDownload] Initial download nudge for Edge E Drop
2026-03-06 11:47:52.045: [INFO][SyncManagerImpl::NudgeForInitialDownload] Initial download nudge for Edge Hub App Usage
2026-03-06 11:47:52.045: [INFO][SyncManagerImpl::NudgeForInitialDownload] Initial download nudge for Edge Wallet
2026-03-06 11:47:52.045: [INFO][SyncManagerImpl::NudgeForInitialDownload] Initial download nudge for Edge Workspace
2026-03-06 11:47:52.045: [INFO][SyncManagerImpl::ConfigureSyncer] Types to download:  with reason: 4
2026-03-06 11:47:52.045: [INFO][SyncEngineBackend::DoFinishConfigureDataTypes] Failed to download types:  and succeeded types: 
2026-03-06 11:47:52.054: [INFO][Sync] ConfigurationDone, failed: , succeeded: , remaining count: 4
2026-03-06 11:47:52.054: [WARN][Sync]     Reconfigure requested while configuration ongoing.
2026-03-06 11:47:52.054: [INFO][Sync] Configuring for: Bookmarks, Preferences, Passwords, Autofill Profiles, Autofill, Extensions, Sessions, Extension settings, History Delete Directives, Device Info, User Consents, Send Tab To Self, Web Apps, History, Saved Tab Group, WebAuthn Credentials, Collection, Edge E Drop, Edge Hub App Usage, Edge Wallet, Edge Workspace, Encryption Keys, reason: 5, current state: 2
2026-03-06 11:47:52.054: [INFO][Sync] Configure, desired: Bookmarks, Preferences, Passwords, Autofill Profiles, Autofill, Extensions, Sessions, Extension settings, History Delete Directives, Device Info, User Consents, Send Tab To Self, Web Apps, History, Saved Tab Group, WebAuthn Credentials, Collection, Edge E Drop, Edge Hub App Usage, Edge Wallet, Edge Workspace, Encryption Keys; Allow fail: 
2026-03-06 11:47:52.054: [INFO][Sync] Loading: Passwords
2026-03-06 11:47:52.054: [INFO][Sync] Loading: Autofill Profiles
2026-03-06 11:47:52.054: [INFO][Sync] Loading: Autofill
2026-03-06 11:47:52.054: [INFO][Sync] All data types are ready for configure.
2026-03-06 11:47:52.054: [INFO][SyncManagerImpl::NudgeForInitialDownload] Initial download nudge for Passwords
2026-03-06 11:47:52.054: [INFO][SyncManagerImpl::NudgeForInitialDownload] Initial download nudge for Autofill Profiles
2026-03-06 11:47:52.054: [INFO][SyncManagerImpl::NudgeForInitialDownload] Initial download nudge for Autofill
2026-03-06 11:47:52.054: [INFO][SyncManagerImpl::ConfigureSyncer] Types to download:  with reason: 5
2026-03-06 11:47:52.054: [INFO][SyncEngineBackend::DoFinishConfigureDataTypes] Failed to download types:  and succeeded types: 
2026-03-06 11:47:52.060: [INFO][Sync] ConfigurationDone, failed: , succeeded: , remaining count: 4
2026-03-06 11:47:52.060: [INFO][Sync] Prepare to configure types: Preferences, Passwords, Device Info, Send Tab To Self, Edge E Drop, Encryption Keys
2026-03-06 11:47:52.060: [INFO][SyncManagerImpl::ConfigureSyncer] Types to download: Preferences, Passwords, Device Info, Send Tab To Self, Edge E Drop, Encryption Keys with reason: 5
2026-03-06 11:47:52.060: [INFO][SyncSchedulerImpl::DoConfigurationSyncCycleJob] Blocked types:  and types to download: Preferences, Passwords, Device Info, Send Tab To Self, Edge E Drop, Encryption Keys
2026-03-06 11:47:54.216: [INFO][SyncEngineBackend::DoFinishConfigureDataTypes] Failed to download types:  and succeeded types: Preferences, Passwords, Device Info, Send Tab To Self, Edge E Drop, Encryption Keys
2026-03-06 11:47:54.223: [INFO][Sync] ConfigurationDone, failed: , succeeded: Preferences, Passwords, Device Info, Send Tab To Self, Edge E Drop, Encryption Keys, remaining count: 3
2026-03-06 11:47:54.223: [INFO][Sync] Prepare to configure types: Bookmarks, Encryption Keys
2026-03-06 11:47:54.223: [INFO][SyncManagerImpl::ConfigureSyncer] Types to download: Bookmarks, Encryption Keys with reason: 5
2026-03-06 11:47:54.223: [INFO][SyncSchedulerImpl::DoConfigurationSyncCycleJob] Blocked types:  and types to download: Bookmarks, Encryption Keys
2026-03-06 11:47:54.654: [INFO][SyncEngineBackend::DoFinishConfigureDataTypes] Failed to download types:  and succeeded types: Bookmarks, Encryption Keys
2026-03-06 11:47:54.676: [INFO][Sync] ConfigurationDone, failed: , succeeded: Bookmarks, Encryption Keys, remaining count: 2
2026-03-06 11:47:54.676: [INFO][Sync] Prepare to configure types: Autofill Profiles, Autofill, Extensions, Sessions, Extension settings, History Delete Directives, Web Apps, Saved Tab Group, WebAuthn Credentials, Collection, Edge Hub App Usage, Edge Wallet, Edge Workspace, Encryption Keys
2026-03-06 11:47:54.676: [INFO][SyncManagerImpl::ConfigureSyncer] Types to download: Autofill Profiles, Autofill, Extensions, Sessions, Extension settings, History Delete Directives, Web Apps, Saved Tab Group, WebAuthn Credentials, Collection, Edge Hub App Usage, Edge Wallet, Edge Workspace, Encryption Keys with reason: 5
2026-03-06 11:47:54.676: [INFO][SyncSchedulerImpl::DoConfigurationSyncCycleJob] Blocked types:  and types to download: Autofill Profiles, Autofill, Extensions, Sessions, Extension settings, History Delete Directives, Web Apps, Saved Tab Group, WebAuthn Credentials, Collection, Edge Hub App Usage, Edge Wallet, Edge Workspace, Encryption Keys
2026-03-06 11:48:07.381: [INFO][SyncEngineBackend::DoFinishConfigureDataTypes] Failed to download types:  and succeeded types: Autofill Profiles, Autofill, Extensions, Sessions, Extension settings, History Delete Directives, Web Apps, Saved Tab Group, WebAuthn Credentials, Collection, Edge Hub App Usage, Edge Wallet, Edge Workspace, Encryption Keys
2026-03-06 11:48:07.391: [INFO][Sync] ConfigurationDone, failed: , succeeded: Autofill Profiles, Autofill, Extensions, Sessions, Extension settings, History Delete Directives, Web Apps, Saved Tab Group, WebAuthn Credentials, Collection, Edge Hub App Usage, Edge Wallet, Edge Workspace, Encryption Keys, remaining count: 1
2026-03-06 11:48:07.397: [INFO][Sync] Prepare to configure types: History, Encryption Keys
2026-03-06 11:48:07.397: [INFO][SyncManagerImpl::ConfigureSyncer] Types to download: History, Encryption Keys with reason: 5
2026-03-06 11:48:07.398: [INFO][SyncSchedulerImpl::DoConfigurationSyncCycleJob] Blocked types:  and types to download: History, Encryption Keys
2026-03-06 11:48:23.615: [INFO][SyncEngineBackend::DoFinishConfigureDataTypes] Failed to download types:  and succeeded types: History, Encryption Keys
2026-03-06 11:48:23.622: [INFO][Sync] ConfigurationDone, failed: , succeeded: History, Encryption Keys, remaining count: 0
2026-03-06 11:48:23.628: [INFO][Sync]     Configuration completed, state: 7
2026-03-06 11:48:23.628: [INFO][Sync] Configured DataTypeManager: Ok
2026-03-06 11:48:23.635: [INFO][SyncEngineBackend::DoStartSyncing] Start syncing
2026-03-06 12:38:59.054: [INFO][Sync] Reset engine, reason: 0
2026-03-06 12:38:59.054: [INFO][Sync] Reset engine with reason: 0
